ARM Linker, 5.03 [Build 76] [MDK-ARM Professional]

==============================================================================

Section Cross References

    startup_stm32f10x_md.o(STACK) refers (Special) to heapauxi.o(.text) for __use_two_region_memory
    startup_stm32f10x_md.o(HEAP) refers (Special) to heapauxi.o(.text) for __use_two_region_memory
    startup_stm32f10x_md.o(RESET) refers (Special) to heapauxi.o(.text) for __use_two_region_memory
    startup_stm32f10x_md.o(RESET) refers to startup_stm32f10x_md.o(STACK) for __initial_sp
    startup_stm32f10x_md.o(RESET) refers to startup_stm32f10x_md.o(.text) for Reset_Handler
    startup_stm32f10x_md.o(RESET) refers to stm32f10x_it.o(.text) for NMI_Handler
    startup_stm32f10x_md.o(.text) refers (Special) to heapauxi.o(.text) for __use_two_region_memory
    startup_stm32f10x_md.o(.text) refers to system_stm32f10x.o(.text) for SystemInit
    startup_stm32f10x_md.o(.text) refers to __main.o(!!!main) for __main
    startup_stm32f10x_md.o(.text) refers to startup_stm32f10x_md.o(HEAP) for Heap_Mem
    startup_stm32f10x_md.o(.text) refers to startup_stm32f10x_md.o(STACK) for Stack_Mem
    system_stm32f10x.o(.text) refers to system_stm32f10x.o(.data) for SystemCoreClock
    main.o(.text) refers to led.o(.text) for LED_INIT
    main.o(.text) refers to usart.o(.text) for Uart1_Init
    main.o(.text) refers to moto.o(.text) for Moto_Init
    main.o(.text) refers to tim3.o(.text) for Tim4_Init
    main.o(.text) refers to tim_pwm_in.o(.text) for Tim_Pwm_In_Init
    main.o(.text) refers to bsp.o(.text) for Nvic_Init
    main.o(.text) refers to mpu6050.o(.text) for I2C1_Congiguration
    main.o(.text) refers to stm32f10x_flash.o(.text) for FLASH_Unlock
    main.o(.text) refers to rc.o(.text) for Rc_Fun
    main.o(.text) refers to imu.o(.text) for Prepare_Data
    main.o(.text) refers to control.o(.text) for Control
    main.o(.text) refers to stm32f10x_gpio.o(.text) for GPIO_SetBits
    main.o(.text) refers to main.o(.data) for FLAG_ATT
    main.o(.text) refers to main.o(.bss) for Rc_D
    main.o(.text) refers to data_transfer.o(.data) for Send_Senser
    stm32f10x_it.o(.text) refers to mpu6050.o(.text) for MPU6050_Read
    stm32f10x_it.o(.text) refers to data_transfer.o(.text) for Data_Exchange
    stm32f10x_it.o(.text) refers to tim_pwm_in.o(.text) for Tim3_Pwm_In_Irq
    stm32f10x_it.o(.text) refers to usart.o(.text) for Uart1_IRQ
    stm32f10x_it.o(.text) refers to ano_tech_stm32f10x_i2c1.o(.text) for ANO_Tech_I2C1_EV_IRQ
    stm32f10x_it.o(.text) refers to tim3.o(.data) for TIM4_IRQCNT
    stm32f10x_it.o(.text) refers to stm32f10x_it.o(.data) for ms1_cnt
    stm32f10x_it.o(.text) refers to main.o(.data) for FLAG_ATT
    control.o(.text) refers to fflt_clz.o(x$fpl$fflt) for __aeabi_i2f
    control.o(.text) refers to faddsub_clz.o(x$fpl$frsb) for __aeabi_frsub
    control.o(.text) refers to faddsub_clz.o(x$fpl$fadd) for __aeabi_fadd
    control.o(.text) refers to frleqf.o(x$fpl$frleqf) for __aeabi_cfrcmple
    control.o(.text) refers to fleqf.o(x$fpl$fleqf) for __aeabi_cfcmple
    control.o(.text) refers to fmul.o(x$fpl$fmul) for __aeabi_fmul
    control.o(.text) refers to faddsub_clz.o(x$fpl$fsub) for __aeabi_fsub
    control.o(.text) refers to ffix.o(x$fpl$ffix) for __aeabi_f2iz
    control.o(.text) refers to moto.o(.text) for Moto_PwmRflash
    control.o(.text) refers to control.o(.data) for rol_i
    control.o(.text) refers to control.o(.bss) for PID_ROL
    data_transfer.o(.text) refers to usart.o(.text) for Uart1_Put_Buf
    data_transfer.o(.text) refers to mpu6050.o(.text) for MPU6050_CalOff_Acc
    data_transfer.o(.text) refers to fflt_clz.o(x$fpl$fflt) for __aeabi_i2f
    data_transfer.o(.text) refers to fdiv.o(x$fpl$fdiv) for __aeabi_fdiv
    data_transfer.o(.text) refers to bsp.o(.text) for EE_SAVE_PID
    data_transfer.o(.text) refers to nrf24l01.o(.text) for NRF_Read_Reg
    data_transfer.o(.text) refers to data_transfer.o(.bss) for data_to_send
    data_transfer.o(.text) refers to data_transfer.o(.data) for Send_PID1
    data_transfer.o(.text) refers to control.o(.bss) for PID_ROL
    data_transfer.o(.text) refers to imu.o(.data) for AngleOffset_Rol
    data_transfer.o(.text) refers to nrf24l01.o(.bss) for NRF24L01_RXDATA
    data_transfer.o(.text) refers to fmul.o(x$fpl$fmul) for __aeabi_fmul
    data_transfer.o(.text) refers to ffix.o(x$fpl$ffix) for __aeabi_f2iz
    data_transfer.o(.text) refers to control.o(.data) for Moto_PWM_1
    data_transfer.o(.text) refers to main.o(.bss) for Rc_D
    data_transfer.o(.text) refers to main.o(.data) for Acc
    imu.o(.text) refers to fflt_clz.o(x$fpl$fflt) for __aeabi_i2f
    imu.o(.text) refers to fmul.o(x$fpl$fmul) for __aeabi_fmul
    imu.o(.text) refers to feqf.o(x$fpl$feqf) for __aeabi_cfcmpeq
    imu.o(.text) refers to faddsub_clz.o(x$fpl$fadd) for __aeabi_fadd
    imu.o(.text) refers to f2d.o(x$fpl$f2d) for __aeabi_f2d
[...]
    rc_cnt                                   0x20000017   Data           1  main.o(.data)
    mpu6050_dataacc1                         0x20000018   Data           6  main.o(.data)
    mpu6050_dataacc2                         0x2000001e   Data           6  main.o(.data)
    mpu6050_datagyr1                         0x20000024   Data           6  main.o(.data)
    mpu6050_datagyr2                         0x2000002a   Data           6  main.o(.data)
    senser_cnt                               0x20000030   Data           1  main.o(.data)
    status_cnt                               0x20000031   Data           1  main.o(.data)
    dt_rc_cnt                                0x20000032   Data           1  main.o(.data)
    dt_moto_cnt                              0x20000033   Data           1  main.o(.data)
    .data                                    0x2000004d   Section        1  stm32f10x_it.o(.data)
    ms1_cnt                                  0x2000004d   Data           1  stm32f10x_it.o(.data)
    .data                                    0x20000050   Section       32  control.o(.data)
    .data                                    0x20000070   Section        9  data_transfer.o(.data)
    .data                                    0x2000007c   Section       37  imu.o(.data)
    filter_cnt                               0x200000a0   Data           1  imu.o(.data)
    .data                                    0x200000a1   Section        2  rc.o(.data)
    cnt_arm                                  0x200000a1   Data           1  rc.o(.data)
    cnt_fun                                  0x200000a2   Data           1  rc.o(.data)
    .data                                    0x200000a4   Section       32  bsp.o(.data)
    .data                                    0x200000c4   Section        8  eeprom.o(.data)
    .data                                    0x200000cc   Section        8  led.o(.data)
    busy                                     0x200000cc   Data           1  led.o(.data)
    led1_sta                                 0x200000cd   Data           1  led.o(.data)
    time_temp                                0x200000d0   Data           4  led.o(.data)
    .data                                    0x200000d4   Section       46  mpu6050.o(.data)
    GYRO_OFFSET_OK                           0x200000d4   Data           1  mpu6050.o(.data)
    ACC_OFFSET_OK                            0x200000d5   Data           1  mpu6050.o(.data)
    tempgx                                   0x200000d8   Data           4  mpu6050.o(.data)
    tempgy                                   0x200000dc   Data           4  mpu6050.o(.data)
    tempgz                                   0x200000e0   Data           4  mpu6050.o(.data)
    cnt_g                                    0x200000e4   Data           1  mpu6050.o(.data)
    tempax                                   0x200000e8   Data           4  mpu6050.o(.data)
    tempay                                   0x200000ec   Data           4  mpu6050.o(.data)
    tempaz                                   0x200000f0   Data           4  mpu6050.o(.data)
    cnt_a                                    0x200000f4   Data           1  mpu6050.o(.data)
    .data                                    0x20000102   Section       10  nrf24l01.o(.data)
    .data                                    0x2000010c   Section        4  tim3.o(.data)
    .data                                    0x20000110   Section       24  tim_pwm_in.o(.data)
    temp_cnt1                                0x20000110   Data           2  tim_pwm_in.o(.data)
    temp_cnt1_2                              0x20000112   Data           2  tim_pwm_in.o(.data)
    temp_cnt2                                0x20000114   Data           2  tim_pwm_in.o(.data)
    temp_cnt2_2                              0x20000116   Data           2  tim_pwm_in.o(.data)
    temp_cnt3                                0x20000118   Data           2  tim_pwm_in.o(.data)
    temp_cnt3_2                              0x2000011a   Data           2  tim_pwm_in.o(.data)
    temp_cnt4                                0x2000011c   Data           2  tim_pwm_in.o(.data)
    temp_cnt4_2                              0x2000011e   Data           2  tim_pwm_in.o(.data)
    Rc_Pwm_In                                0x20000120   Data           8  tim_pwm_in.o(.data)
    .data                                    0x20000128   Section        5  usart.o(.data)
    RxState                                  0x2000012a   Data           1  usart.o(.data)
    _data_len                                0x2000012b   Data           1  usart.o(.data)
    _data_cnt                                0x2000012c   Data           1  usart.o(.data)
    .data                                    0x2000012d   Section       20  stm32f10x_rcc.o(.data)
    APBAHBPrescTable                         0x2000012d   Data          16  stm32f10x_rcc.o(.data)
    ADCPrescTable                            0x2000013d   Data           4  stm32f10x_rcc.o(.data)
    .data                                    0x20000144   Section       12  ano_tech_stm32f10x_i2c1.o(.data)
    .bss                                     0x20000150   Section       32  main.o(.bss)
    .bss                                     0x20000170   Section      224  control.o(.bss)
    .bss                                     0x20000250   Section       50  data_transfer.o(.bss)
    .bss                                     0x20000282   Section      120  imu.o(.bss)
    ACC_X_BUF                                0x20000282   Data          40  imu.o(.bss)
    ACC_Y_BUF                                0x200002aa   Data          40  imu.o(.bss)
    ACC_Z_BUF                                0x200002d2   Data          40  imu.o(.bss)
    .bss                                     0x200002fa   Section       14  mpu6050.o(.bss)
    mpu6050_buffer                           0x200002fa   Data          14  mpu6050.o(.bss)
    .bss                                     0x20000308   Section       64  nrf24l01.o(.bss)
    .bss                                     0x20000348   Section       20  tim_pwm_in.o(.bss)
    Rc_Data                                  0x20000348   Data          20  tim_pwm_in.o(.bss)
    .bss                                     0x2000035c   Section      306  usart.o(.bss)
    RxBuffer                                 0x2000045c   Data          50  usart.o(.bss)
    .bss                                     0x20000490   Section       96  libspace.o(.bss)
    HEAP                                     0x200004f0   Section      512  startup_stm32f10x_md.o(HEAP)
    Heap_Mem                                 0x200004f0   Data         512  startup_stm32f10x_md.o(HEAP)
    STACK                                    0x200006f0   Section     1024  startup_stm32f10x_md.o(STACK)
    Stack_Mem                                0x200006f0   Data        1024  startup_stm32f10x_md.o(STACK)
    __initial_sp                             0x20000af0   Data           0  startup_stm32f10x_md.o(STACK)

    Global Symbols

    Symbol Name                              Value     Ov Type        Size  Object(Section)

    BuildAttributes$$THM_ISAv4$P$D$K$B$S$PE$A:L22UL41UL21$X:L11$S22US41US21$IEEE1$IW$USESV6$~STKCKD$USESV7$~SHL$OTIME$ROPI$IEEEX$EBA8$UX$STANDARDLIB$REQ8$PRES8$EABIv2 0x00000000   Number         0  anon$$obj.o ABSOLUTE
    __ARM_use_no_argv                        0x00000000   Number         0  main.o ABSOLUTE
    __ARM_exceptions_init                     - Undefined Weak Reference
    __alloca_initialize                       - Undefined Weak Reference
    __cpp_initialize__aeabi_                  - Undefined Weak Reference
    __cxa_finalize                            - Undefined Weak Reference
    __rt_locale                               - Undefined Weak Reference
    __sigvec_lookup                           - Undefined Weak Reference
    _atexit_init                              - Undefined Weak Reference
    _call_atexit_fns                          - Undefined Weak Reference
    _clock_init                               - Undefined Weak Reference
    _fp_trap_init                             - Undefined Weak Reference
    _fp_trap_shutdown                         - Undefined Weak Reference
    _get_lc_collate                           - Undefined Weak Reference
    _get_lc_ctype                             - Undefined Weak Reference
    _get_lc_monetary                          - Undefined Weak Reference
    _get_lc_numeric                           - Undefined Weak Reference
    _get_lc_time                              - Undefined Weak Reference
    _getenv_init                              - Undefined Weak Reference
    _handle_redirection                       - Undefined Weak Reference
    _init_alloc                               - Undefined Weak Reference
    _init_user_alloc                          - Undefined Weak Reference
    _initio                                   - Undefined Weak Reference
    _rand_init                                - Undefined Weak Reference
    _signal_finish                            - Undefined Weak Reference
    _signal_init                              - Undefined Weak Reference
    _terminate_alloc                          - Undefined Weak Reference
    _terminate_user_alloc                     - Undefined Weak Reference
    _terminateio                              - Undefined Weak Reference
    __Vectors_Size                           0x000000ec   Number         0  startup_stm32f10x_md.o ABSOLUTE
    __Vectors                                0x08000000   Data           4  startup_stm32f10x_md.o(RESET)
    __Vectors_End                            0x080000ec   Data           0  startup_stm32f10x_md.o(RESET)
    __main                                   0x080000ed   Thumb Code     8  __main.o(!!!main)
    __scatterload                            0x080000f5   Thumb Code     0  __scatter.o(!!!scatter)
    __scatterload_rt2                        0x080000f5   Thumb Code    44  __scatter.o(!!!scatter)
    __scatterload_rt2_thumb_only             0x080000f5   Thumb Code     0  __scatter.o(!!!scatter)
    __scatterload_null                       0x08000103   Thumb Code     0  __scatter.o(!!!scatter)
    __decompress                             0x08000129   Thumb Code    90  __dczerorl2.o(!!dczerorl2)
    __decompress1                            0x08000129   Thumb Code     0  __dczerorl2.o(!!dczerorl2)
    __scatterload_zeroinit                   0x08000185   Thumb Code    28  __scatter_zi.o(!!handler_zi)
    __rt_lib_init                            0x080001a1   Thumb Code     0  libinit.o(.ARM.Collect$$libinit$$00000000)
    __rt_lib_init_alloca_1                   0x080001a3   Thumb Code     0  libinit2.o(.ARM.Collect$$libinit$$0000002C)
    __rt_lib_init_argv_1                     0x080001a3   Thumb Code     0  libinit2.o(.ARM.Collect$$libinit$$0000002A)
    __rt_lib_init_atexit_1                   0x080001a3   Thumb Code     0  libinit2.o(.ARM.Collect$$libinit$$00000019)
    __rt_lib_init_clock_1                    0x080001a3   Thumb Code     0  libinit2.o(.ARM.Collect$$libinit$$0000001F)
    __rt_lib_init_cpp_1                      0x080001a3   Thumb Code     0  libinit2.o(.ARM.Collect$$libinit$$00000030)
    __rt_lib_init_exceptions_1               0x080001a3   Thumb Code     0  libinit2.o(.ARM.Collect$$libinit$$0000002E)
    __rt_lib_init_fp_1                       0x080001a3   Thumb Code     0  libinit2.o(.ARM.Collect$$libinit$$00000002)
    __rt_lib_init_fp_trap_1                  0x080001a3   Thumb Code     0  libinit2.o(.ARM.Collect$$libinit$$0000001D)
    __rt_lib_init_getenv_1                   0x080001a3   Thumb Code     0  libinit2.o(.ARM.Collect$$libinit$$00000021)
    __rt_lib_init_heap_1                     0x080001a3   Thumb Code     0  libinit2.o(.ARM.Collect$$libinit$$00000008)
    __rt_lib_init_lc_collate_1               0x080001a3   Thumb Code     0  libinit2.o(.ARM.Collect$$libinit$$0000000F)
    __rt_lib_init_lc_ctype_1                 0x080001a3   Thumb Code     0  libinit2.o(.ARM.Collect$$libinit$$00000011)
    __rt_lib_init_lc_monetary_1              0x080001a3   Thumb Code     0  libinit2.o(.ARM.Collect$$libinit$$00000013)
    __rt_lib_init_lc_numeric_1               0x080001a3   Thumb Code     0  libinit2.o(.ARM.Collect$$libinit$$00000015)
    __rt_lib_init_lc_time_1                  0x080001a3   Thumb Code     0  libinit2.o(.ARM.Collect$$libinit$$00000017)
    __rt_lib_init_rand_1                     0x080001a3   Thumb Code     0  libinit2.o(.ARM.Collect$$libinit$$0000000C)
    __rt_lib_init_return                     0x080001a3   Thumb Code     0  libinit2.o(.ARM.Collect$$libinit$$00000031)
    __rt_lib_init_signal_1                   0x080001a3   Thumb Code     0  libinit2.o(.ARM.Collect$$libinit$$0000001B)
    __rt_lib_init_stdio_1                    0x080001a3   Thumb Code     0  libinit2.o(.ARM.Collect$$libinit$$00000023)
    __rt_lib_init_user_alloc_1               0x080001a3   Thumb Code     0  libinit2.o(.ARM.Collect$$libinit$$0000000A)
    __rt_lib_shutdown                        0x080001a5   Thumb Code     0  libshutdown.o(.ARM.Collect$$libshutdown$$00000000)
    __rt_lib_shutdown_fp_trap_1              0x080001a7   Thumb Code     0  libshutdown2.o(.ARM.Collect$$libshutdown$$00000006)
    __rt_lib_shutdown_heap_1                 0x080001a7   Thumb Code     0  libshutdown2.o(.ARM.Collect$$libshutdown$$0000000E)
    __rt_lib_shutdown_return                 0x080001a7   Thumb Code     0  libshutdown2.o(.ARM.Collect$$libshutdown$$0000000F)
    __rt_lib_shutdown_signal_1               0x080001a7   Thumb Code     0  libshutdown2.o(.ARM.Collect$$libshutdown$$00000009)
    __rt_lib_shutdown_stdio_1                0x080001a7   Thumb Code     0  libshutdown2.o(.ARM.Collect$$libshutdown$$00000003)
    __rt_lib_shutdown_user_alloc_1           0x080001a7   Thumb Code     0  libshutdown2.o(.ARM.Collect$$libshutdown$$0000000B)
    __rt_entry                               0x080001a9   Thumb Code     0  rtentry.o(.ARM.Collect$$rtentry$$00000000)
    __rt_entry_presh_1                       0x080001a9   Thumb Code     0  rtentry2.o(.ARM.Collect$$rtentry$$00000002)
    __rt_entry_sh                            0x080001a9   Thumb Code     0  rtentry4.o(.ARM.Collect$$rtentry$$00000004)
    __rt_entry_li                            0x080001af   Thumb Code     0  rtentry2.o(.ARM.Collect$$rtentry$$0000000A)
    __rt_entry_postsh_1                      0x080001af   Thumb Code     0  rtentry2.o(.ARM.Collect$$rtentry$$00000009)
    __rt_entry_main                          0x080001b3   Thumb Code     0  rtentry2.o(.ARM.Collect$$rtentry$$0000000D)
    __rt_entry_postli_1                      0x080001b3   Thumb Code     0  rtentry2.o(.ARM.Collect$$rtentry$$0000000C)
    __rt_exit                                0x080001bb   Thumb Code     0  rtexit.o(.ARM.Collect$$rtexit$$00000000)
    __rt_exit_ls                             0x080001bd   Thumb Code     0  rtexit2.o(.ARM.Collect$$rtexit$$00000003)
    __rt_exit_prels_1                        0x080001bd   Thumb Code     0  rtexit2.o(.ARM.Collect$$rtexit$$00000002)
    __rt_exit_exit                           0x080001c1   Thumb Code     0  rtexit2.o(.ARM.Collect$$rtexit$$00000004)
    Reset_Handler                            0x080001c9   Thumb Code     8  startup_stm32f10x_md.o(.text)
    ADC1_2_IRQHandler                        0x080001e3   Thumb Code     0  startup_stm32f10x_md.o(.text)
    CAN1_RX1_IRQHandler                      0x080001e3   Thumb Code     0  startup_stm32f10x_md.o(.text)
    CAN1_SCE_IRQHandler                      0x080001e3   Thumb Code     0  startup_stm32f10x_md.o(.text)
    DMA1_Channel1_IRQHandler                 0x080001e3   Thumb Code     0  startup_stm32f10x_md.o(.text)
    DMA1_Channel2_IRQHandler                 0x080001e3   Thumb Code     0  startup_stm32f10x_md.o(.text)
    DMA1_Channel3_IRQHandler                 0x080001e3   Thumb Code     0  startup_stm32f10x_md.o(.text)
    DMA1_Channel4_IRQHandler                 0x080001e3   Thumb Code     0  startup_stm32f10x_md.o(.text)
    DMA1_Channel5_IRQHandler                 0x080001e3   Thumb Code     0  startup_stm32f10x_md.o(.text)
    DMA1_Channel6_IRQHandler                 0x080001e3   Thumb Code     0  startup_stm32f10x_md.o(.text)
    DMA1_Channel7_IRQHandler                 0x080001e3   Thumb Code     0  startup_stm32f10x_md.o(.text)
    EXTI0_IRQHandler                         0x080001e3   Thumb Code     0  startup_stm32f10x_md.o(.text)
    EXTI15_10_IRQHandler                     0x080001e3   Thumb Code     0  startup_stm32f10x_md.o(.text)
    EXTI1_IRQHandler                         0x080001e3   Thumb Code     0  startup_stm32f10x_md.o(.text)
    EXTI2_IRQHandler                         0x080001e3   Thumb Code     0  startup_stm32f10x_md.o(.text)
    EXTI3_IRQHandler                         0x080001e3   Thumb Code     0  startup_stm32f10x_md.o(.text)
    EXTI4_IRQHandler                         0x080001e3   Thumb Code     0  startup_stm32f10x_md.o(.text)
    EXTI9_5_IRQHandler                       0x080001e3   Thumb Code     0  startup_stm32f10x_md.o(.text)
    FLASH_IRQHandler                         0x080001e3   Thumb Code     0  startup_stm32f10x_md.o(.text)
    I2C2_ER_IRQHandler                       0x080001e3   Thumb Code     0  startup_stm32f10x_md.o(.text)
    I2C2_EV_IRQHandler                       0x080001e3   Thumb Code     0  startup_stm32f10x_md.o(.text)
    PVD_IRQHandler                           0x080001e3   Thumb Code     0  startup_stm32f10x_md.o(.text)
    RCC_IRQHandler                           0x080001e3   Thumb Code     0  startup_stm32f10x_md.o(.text)
    RTCAlarm_IRQHandler                      0x080001e3   Thumb Code     0  startup_stm32f10x_md.o(.text)
    RTC_IRQHandler                           0x080001e3   Thumb Code     0  startup_stm32f10x_md.o(.text)
    SPI1_IRQHandler                          0x080001e3   Thumb Code     0  startup_stm32f10x_md.o(.text)
    SPI2_IRQHandler                          0x080001e3   Thumb Code     0  startup_stm32f10x_md.o(.text)
    TAMPER_IRQHandler                        0x080001e3   Thumb Code     0  startup_stm32f10x_md.o(.text)
    TIM1_BRK_IRQHandler                      0x080001e3   Thumb Code     0  startup_stm32f10x_md.o(.text)
    TIM1_CC_IRQHandler                       0x080001e3   Thumb Code     0  startup_stm32f10x_md.o(.text)
    TIM1_TRG_COM_IRQHandler                  0x080001e3   Thumb Code     0  startup_stm32f10x_md.o(.text)
    TIM1_UP_IRQHandler                       0x080001e3   Thumb Code     0  startup_stm32f10x_md.o(.text)
    TIM2_IRQHandler                          0x080001e3   Thumb Code     0  startup_stm32f10x_md.o(.text)
    USART2_IRQHandler                        0x080001e3   Thumb Code     0  startup_stm32f10x_md.o(.text)
    USART3_IRQHandler                        0x080001e3   Thumb Code     0  startup_stm32f10x_md.o(.text)
    USBWakeUp_IRQHandler                     0x080001e3   Thumb Code     0  startup_stm32f10x_md.o(.text)
    USB_HP_CAN1_TX_IRQHandler                0x080001e3   Thumb Code     0  startup_stm32f10x_md.o(.text)
    USB_LP_CAN1_RX0_IRQHandler               0x080001e3   Thumb Code     0  startup_stm32f10x_md.o(.text)
    WWDG_IRQHandler                          0x080001e3   Thumb Code     0  startup_stm32f10x_md.o(.text)
    __user_initial_stackheap                 0x080001e5   Thumb Code     0  startup_stm32f10x_md.o(.text)
    SystemInit                               0x080002e5   Thumb Code    78  system_stm32f10x.o(.text)
    SystemCoreClockUpdate                    0x08000333   Thumb Code   142  system_stm32f10x.o(.text)
    SYS_INIT                                 0x080003e5   Thumb Code    74  main.o(.text)
    main                                     0x0800042f   Thumb Code   430  main.o(.text)
    TIM4_IRQHandler                          0x08000635   Thumb Code    68  stm32f10x_it.o(.text)
    TIM3_IRQHandler                          0x08000679   Thumb Code     8  stm32f10x_it.o(.text)
    USART1_IRQHandler                        0x08000681   Thumb Code     8  stm32f10x_it.o(.text)
    I2C1_EV_IRQHandler                       0x08000689   Thumb Code     8  stm32f10x_it.o(.text)
    I2C1_ER_IRQHandler                       0x08000691   Thumb Code     8  stm32f10x_it.o(.text)
    NMI_Handler                              0x08000699   Thumb Code     2  stm32f10x_it.o(.text)
    HardFault_Handler                        0x0800069b   Thumb Code     4  stm32f10x_it.o(.text)
    MemManage_Handler                        0x0800069f   Thumb Code     4  stm32f10x_it.o(.text)
    BusFault_Handler                         0x080006a3   Thumb Code     4  stm32f10x_it.o(.text)
    UsageFault_Handler                       0x080006a7   Thumb Code     4  stm32f10x_it.o(.text)
    SVC_Handler                              0x080006ab   Thumb Code     2  stm32f10x_it.o(.text)
    DebugMon_Handler                         0x080006ad   Thumb Code     2  stm32f10x_it.o(.text)
    PendSV_Handler                           0x080006af   Thumb Code     2  stm32f10x_it.o(.text)
    SysTick_Handler                          0x080006b1   Thumb Code     2  stm32f10x_it.o(.text)
    Control                                  0x080006c5   Thumb Code   814  control.o(.text)
    Data_Send_Check                          0x08000a2d   Thumb Code    68  data_transfer.o(.text)
    Data_Receive_Anl                         0x08000a71   Thumb Code   836  data_transfer.o(.text)
    Nrf_Check_Event                          0x08000db5   Thumb Code   156  data_transfer.o(.text)
    Nrf_Get_FIFOSta                          0x08000e51   Thumb Code    10  data_transfer.o(.text)
    Data_Send_MotoPWM                        0x08000e5b   Thumb Code   300  data_transfer.o(.text)
    Data_Send_OFFSET                         0x08000f87   Thumb Code   170  data_transfer.o(.text)
    Data_Send_RCData                         0x08001031   Thumb Code   356  data_transfer.o(.text)
    Data_Send_PID3                           0x08001195   Thumb Code   280  data_transfer.o(.text)
    Data_Send_PID2                           0x080012ad   Thumb Code   508  data_transfer.o(.text)
    Data_Send_PID1                           0x080014a9   Thumb Code   544  data_transfer.o(.text)
    Data_Send_Senser                         0x080016c9   Thumb Code   306  data_transfer.o(.text)
    Data_Send_Status                         0x080017fb   Thumb Code   326  data_transfer.o(.text)
    Data_Exchange                            0x08001941   Thumb Code   146  data_transfer.o(.text)
    Prepare_Data                             0x08001a11   Thumb Code   148  imu.o(.text)
    IMUupdate                                0x08001aa5   Thumb Code  1554  imu.o(.text)
    Rc_Fun                                   0x080020e1   Thumb Code   220  rc.o(.text)
    Nvic_Init                                0x080021c5   Thumb Code   150  bsp.o(.text)
    EE_INIT                                  0x0800225b   Thumb Code     8  bsp.o(.text)
    EE_SAVE_ACC_OFFSET                       0x08002263   Thumb Code    46  bsp.o(.text)
    EE_READ_ACC_OFFSET                       0x08002291   Thumb Code    38  bsp.o(.text)
    EE_SAVE_GYRO_OFFSET                      0x080022b7   Thumb Code    46  bsp.o(.text)
    EE_READ_GYRO_OFFSET                      0x080022e5   Thumb Code    38  bsp.o(.text)
    EE_SAVE_PID                              0x0800230b   Thumb Code   256  bsp.o(.text)
    EE_READ_PID                              0x0800240b   Thumb Code   274  bsp.o(.text)
    InitCurrWrAddress                        0x0800258b   Thumb Code    92  eeprom.o(.text)
    EE_ReadVariable                          0x08002695   Thumb Code    90  eeprom.o(.text)
    __EE_Init                                0x080026ef   Thumb Code   490  eeprom.o(.text)
    EE_Init                                  0x080028d9   Thumb Code    16  eeprom.o(.text)
    EE_WriteVariable                         0x080029e7   Thumb Code    36  eeprom.o(.text)
    Delay_ms_led                             0x08002a1d   Thumb Code    30  led.o(.text)
    LED_INIT                                 0x08002a3b   Thumb Code    40  led.o(.text)
    LED_FLASH                                0x08002a63   Thumb Code   196  led.o(.text)
    LED1_ONOFF                               0x08002b27   Thumb Code   126  led.o(.text)
    Moto_PwmRflash                           0x08002bb9   Thumb Code    82  moto.o(.text)
    Tim2_init                                0x08002c0b   Thumb Code   174  moto.o(.text)
    Moto_Init                                0x08002cb9   Thumb Code    42  moto.o(.text)
    Delay_ms_mpu                             0x08002cf5   Thumb Code    30  mpu6050.o(.text)
    MPU6050_CalOff_Acc                       0x08002d13   Thumb Code     8  mpu6050.o(.text)
    MPU6050_CalOff_Gyr                       0x08002d1b   Thumb Code     8  mpu6050.o(.text)
    MPU6050_Dataanl                          0x08002d23   Thumb Code   664  mpu6050.o(.text)
    MPU6050_Read                             0x08002fbb   Thumb Code    16  mpu6050.o(.text)
    IICwriteBit                              0x08002fcb   Thumb Code    66  mpu6050.o(.text)
    IICwriteBits                             0x0800300d   Thumb Code   102  mpu6050.o(.text)
    MPU6050_setClockSource                   0x08003073   Thumb Code    20  mpu6050.o(.text)
    MPU6050_setFullScaleGyroRange            0x08003087   Thumb Code    20  mpu6050.o(.text)
    MPU6050_setFullScaleAccelRange           0x0800309b   Thumb Code    20  mpu6050.o(.text)
    MPU6050_setSleepEnabled                  0x080030af   Thumb Code    18  mpu6050.o(.text)
    MPU6050_setI2CMasterModeEnabled          0x080030c1   Thumb Code    18  mpu6050.o(.text)
    MPU6050_setI2CBypassEnabled              0x080030d3   Thumb Code    18  mpu6050.o(.text)
    MPU6050_setDLPF                          0x080030e5   Thumb Code    72  mpu6050.o(.text)
    MPU6050_Init                             0x0800312d   Thumb Code    88  mpu6050.o(.text)
    I2C_WriteByte                            0x08003185   Thumb Code   110  mpu6050.o(.text)
    I2C_ReadByte                             0x080031f3   Thumb Code   194  mpu6050.o(.text)
    I2C_ReadBuffer                           0x080032b5   Thumb Code   212  mpu6050.o(.text)
    I2C1_Congiguration                       0x08003389   Thumb Code   124  mpu6050.o(.text)
    NRF_Write_Reg                            0x08003419   Thumb Code    44  nrf24l01.o(.text)
    NRF_Read_Reg                             0x08003445   Thumb Code    42  nrf24l01.o(.text)
    NRF_Write_Buf                            0x0800346f   Thumb Code    62  nrf24l01.o(.text)
    NRF_Read_Buf                             0x080034ad   Thumb Code    64  nrf24l01.o(.text)
    NRF_TxPacket                             0x080034ed   Thumb Code    48  nrf24l01.o(.text)
    NRF_TxPacket_AP                          0x0800351d   Thumb Code    38  nrf24l01.o(.text)
    Nrf24l01_Check                           0x08003543   Thumb Code    62  nrf24l01.o(.text)
    Nrf24l01_Init                            0x08003581   Thumb Code   242  nrf24l01.o(.text)
    SPI2_Init                                0x08003681   Thumb Code   190  spi.o(.text)
    Spi_RW                                   0x0800373f   Thumb Code    50  spi.o(.text)
    Tim4_Init                                0x0800377d   Thumb Code    66  tim3.o(.text)
    Tim4_Control                             0x080037bf   Thumb Code    28  tim3.o(.text)
    Rc_GetValue                              0x08003805   Thumb Code    26  tim_pwm_in.o(.text)
    Tim_Pwm_In_Init                          0x0800381f   Thumb Code   304  tim_pwm_in.o(.text)
    Tim3_Pwm_In_Irq                          0x0800394f   Thumb Code   512  tim_pwm_in.o(.text)
    Uart1_Init                               0x08003b85   Thumb Code   168  usart.o(.text)
    Uart1_IRQ                                0x08003c2d   Thumb Code   326  usart.o(.text)
    Uart1_Put_String                         0x08003d95   Thumb Code    46  usart.o(.text)
    Uart1_Put_Buf                            0x08003dc3   Thumb Code    62  usart.o(.text)
    USART_DeInit                             0x08003e25   Thumb Code   134  stm32f10x_usart.o(.text)
    USART_Init                               0x08003eab   Thumb Code   210  stm32f10x_usart.o(.text)
    USART_StructInit                         0x08003f7d   Thumb Code    24  stm32f10x_usart.o(.text)
    USART_ClockInit                          0x08003f95   Thumb Code    34  stm32f10x_usart.o(.text)
    USART_ClockStructInit                    0x08003fb7   Thumb Code    12  stm32f10x_usart.o(.text)
    USART_Cmd                                0x08003fc3   Thumb Code    24  stm32f10x_usart.o(.text)
    USART_ITConfig                           0x08003fdb   Thumb Code    74  stm32f10x_usart.o(.text)
    USART_DMACmd                             0x08004025   Thumb Code    18  stm32f10x_usart.o(.text)
    USART_SetAddress                         0x08004037   Thumb Code    18  stm32f10x_usart.o(.text)
    USART_WakeUpConfig                       0x08004049   Thumb Code    18  stm32f10x_usart.o(.text)
    USART_ReceiverWakeUpCmd                  0x0800405b   Thumb Code    24  stm32f10x_usart.o(.text)
    USART_LINBreakDetectLengthConfig         0x08004073   Thumb Code    18  stm32f10x_usart.o(.text)
    USART_LINCmd                             0x08004085   Thumb Code    24  stm32f10x_usart.o(.text)
    USART_SendData                           0x0800409d   Thumb Code     8  stm32f10x_usart.o(.text)
    USART_ReceiveData                        0x080040a5   Thumb Code    10  stm32f10x_usart.o(.text)
    USART_SendBreak                          0x080040af   Thumb Code    10  stm32f10x_usart.o(.text)
    USART_SetGuardTime                       0x080040b9   Thumb Code    16  stm32f10x_usart.o(.text)
    USART_SetPrescaler                       0x080040c9   Thumb Code    16  stm32f10x_usart.o(.text)
    USART_SmartCardCmd                       0x080040d9   Thumb Code    24  stm32f10x_usart.o(.text)
    USART_SmartCardNACKCmd                   0x080040f1   Thumb Code    24  stm32f10x_usart.o(.text)
    USART_HalfDuplexCmd                      0x08004109   Thumb Code    24  stm32f10x_usart.o(.text)
    USART_OverSampling8Cmd                   0x08004121   Thumb Code    22  stm32f10x_usart.o(.text)
    USART_OneBitMethodCmd                    0x08004137   Thumb Code    24  stm32f10x_usart.o(.text)
    USART_IrDAConfig                         0x0800414f   Thumb Code    18  stm32f10x_usart.o(.text)
    USART_IrDACmd                            0x08004161   Thumb Code    24  stm32f10x_usart.o(.text)
    USART_GetFlagStatus                      0x08004179   Thumb Code    26  stm32f10x_usart.o(.text)
    USART_ClearFlag                          0x08004193   Thumb Code    18  stm32f10x_usart.o(.text)
    USART_GetITStatus                        0x080041a5   Thumb Code    84  stm32f10x_usart.o(.text)
    USART_ClearITPendingBit                  0x080041f9   Thumb Code    52  stm32f10x_usart.o(.text)
    NVIC_PriorityGroupConfig                 0x0800422d   Thumb Code    10  misc.o(.text)
    NVIC_Init                                0x08004237   Thumb Code   102  misc.o(.text)
    NVIC_SetVectorTable                      0x0800429d   Thumb Code    14  misc.o(.text)
    NVIC_SystemLPConfig                      0x080042ab   Thumb Code    34  misc.o(.text)
    SysTick_CLKSourceConfig                  0x080042cd   Thumb Code    40  misc.o(.text)
    FLASH_SetLatency                         0x08004309   Thumb Code    18  stm32f10x_flash.o(.text)
    FLASH_HalfCycleAccessCmd                 0x0800431b   Thumb Code    22  stm32f10x_flash.o(.text)
    FLASH_PrefetchBufferCmd                  0x08004331   Thumb Code    22  stm32f10x_flash.o(.text)
    FLASH_Unlock                             0x08004347   Thumb Code    12  stm32f10x_flash.o(.text)
    FLASH_UnlockBank1                        0x08004353   Thumb Code    12  stm32f10x_flash.o(.text)
    FLASH_Lock                               0x0800435f   Thumb Code    14  stm32f10x_flash.o(.text)
    FLASH_LockBank1                          0x0800436d   Thumb Code    14  stm32f10x_flash.o(.text)
    FLASH_GetBank1Status                     0x0800437b   Thumb Code    48  stm32f10x_flash.o(.text)
    FLASH_WaitForLastOperation               0x080043ab   Thumb Code    38  stm32f10x_flash.o(.text)
    FLASH_ErasePage                          0x080043d1   Thumb Code    72  stm32f10x_flash.o(.text)
    FLASH_EraseAllPages                      0x08004419   Thumb Code    68  stm32f10x_flash.o(.text)
    FLASH_WaitForLastBank1Operation          0x0800445d   Thumb Code    38  stm32f10x_flash.o(.text)
    FLASH_EraseAllBank1Pages                 0x08004483   Thumb Code    68  stm32f10x_flash.o(.text)
    FLASH_GetReadOutProtectionStatus         0x080044c7   Thumb Code    20  stm32f10x_flash.o(.text)
    FLASH_EraseOptionBytes                   0x080044db   Thumb Code   150  stm32f10x_flash.o(.text)
    FLASH_ProgramWord                        0x08004571   Thumb Code   102  stm32f10x_flash.o(.text)
    FLASH_ProgramHalfWord                    0x080045d7   Thumb Code    60  stm32f10x_flash.o(.text)
    FLASH_ProgramOptionByteData              0x08004613   Thumb Code    72  stm32f10x_flash.o(.text)
    FLASH_EnableWriteProtection              0x0800465b   Thumb Code   200  stm32f10x_flash.o(.text)
    FLASH_ReadOutProtection                  0x08004723   Thumb Code   156  stm32f10x_flash.o(.text)
    FLASH_UserOptionByteConfig               0x080047bf   Thumb Code    88  stm32f10x_flash.o(.text)
    FLASH_GetUserOptionByte                  0x08004817   Thumb Code     8  stm32f10x_flash.o(.text)
    FLASH_GetWriteProtectionOptionByte       0x0800481f   Thumb Code     6  stm32f10x_flash.o(.text)
    FLASH_GetPrefetchBufferStatus            0x08004825   Thumb Code    20  stm32f10x_flash.o(.text)
    FLASH_ITConfig                           0x08004839   Thumb Code    26  stm32f10x_flash.o(.text)
    FLASH_GetFlagStatus                      0x08004853   Thumb Code    42  stm32f10x_flash.o(.text)
    FLASH_ClearFlag                          0x0800487d   Thumb Code     6  stm32f10x_flash.o(.text)
    FLASH_GetStatus                          0x08004883   Thumb Code    48  stm32f10x_flash.o(.text)
    GPIO_DeInit                              0x080048c5   Thumb Code   172  stm32f10x_gpio.o(.text)
    GPIO_AFIODeInit                          0x08004971   Thumb Code    20  stm32f10x_gpio.o(.text)
    GPIO_Init                                0x08004985   Thumb Code   274  stm32f10x_gpio.o(.text)
    GPIO_StructInit                          0x08004a97   Thumb Code    16  stm32f10x_gpio.o(.text)
    GPIO_ReadInputDataBit                    0x08004aa7   Thumb Code    18  stm32f10x_gpio.o(.text)
    GPIO_ReadInputData                       0x08004ab9   Thumb Code     8  stm32f10x_gpio.o(.text)
    GPIO_ReadOutputDataBit                   0x08004ac1   Thumb Code    18  stm32f10x_gpio.o(.text)
    GPIO_ReadOutputData                      0x08004ad3   Thumb Code     8  stm32f10x_gpio.o(.text)
    GPIO_SetBits                             0x08004adb   Thumb Code     4  stm32f10x_gpio.o(.text)
    GPIO_ResetBits                           0x08004adf   Thumb Code     4  stm32f10x_gpio.o(.text)
    GPIO_WriteBit                            0x08004ae3   Thumb Code    10  stm32f10x_gpio.o(.text)
    GPIO_Write                               0x08004aed   Thumb Code     4  stm32f10x_gpio.o(.text)
    GPIO_PinLockConfig                       0x08004af1   Thumb Code    18  stm32f10x_gpio.o(.text)
    GPIO_EventOutputConfig                   0x08004b03   Thumb Code    26  stm32f10x_gpio.o(.text)
    GPIO_EventOutputCmd                      0x08004b1d   Thumb Code     6  stm32f10x_gpio.o(.text)
    GPIO_PinRemapConfig                      0x08004b23   Thumb Code   138  stm32f10x_gpio.o(.text)
    GPIO_EXTILineConfig                      0x08004bad   Thumb Code    66  stm32f10x_gpio.o(.text)
    GPIO_ETH_MediaInterfaceConfig            0x08004bef   Thumb Code     6  stm32f10x_gpio.o(.text)
    I2C_DeInit                               0x08004c1d   Thumb Code    50  stm32f10x_i2c.o(.text)
    I2C_Init                                 0x08004c4f   Thumb Code   222  stm32f10x_i2c.o(.text)
    I2C_StructInit                           0x08004d2d   Thumb Code    30  stm32f10x_i2c.o(.text)
    I2C_Cmd                                  0x08004d4b   Thumb Code    24  stm32f10x_i2c.o(.text)
    I2C_DMACmd                               0x08004d63   Thumb Code    24  stm32f10x_i2c.o(.text)
    I2C_DMALastTransferCmd                   0x08004d7b   Thumb Code    24  stm32f10x_i2c.o(.text)
    I2C_GenerateSTART                        0x08004d93   Thumb Code    24  stm32f10x_i2c.o(.text)
    I2C_GenerateSTOP                         0x08004dab   Thumb Code    24  stm32f10x_i2c.o(.text)
    I2C_AcknowledgeConfig                    0x08004dc3   Thumb Code    24  stm32f10x_i2c.o(.text)
    I2C_OwnAddress2Config                    0x08004ddb   Thumb Code    22  stm32f10x_i2c.o(.text)
    I2C_DualAddressCmd                       0x08004df1   Thumb Code    24  stm32f10x_i2c.o(.text)
    I2C_GeneralCallCmd                       0x08004e09   Thumb Code    24  stm32f10x_i2c.o(.text)
    I2C_ITConfig                             0x08004e21   Thumb Code    18  stm32f10x_i2c.o(.text)
    I2C_SendData                             0x08004e33   Thumb Code     4  stm32f10x_i2c.o(.text)
    I2C_ReceiveData                          0x08004e37   Thumb Code     8  stm32f10x_i2c.o(.text)
    I2C_Send7bitAddress                      0x08004e3f   Thumb Code    18  stm32f10x_i2c.o(.text)
    I2C_ReadRegister                         0x08004e51   Thumb Code    22  stm32f10x_i2c.o(.text)
    I2C_SoftwareResetCmd                     0x08004e67   Thumb Code    22  stm32f10x_i2c.o(.text)
    I2C_NACKPositionConfig                   0x08004e7d   Thumb Code    28  stm32f10x_i2c.o(.text)
    I2C_SMBusAlertConfig                     0x08004e99   Thumb Code    28  stm32f10x_i2c.o(.text)
    I2C_TransmitPEC                          0x08004eb5   Thumb Code    24  stm32f10x_i2c.o(.text)
    I2C_PECPositionConfig                    0x08004ecd   Thumb Code    28  stm32f10x_i2c.o(.text)
    I2C_CalculatePEC                         0x08004ee9   Thumb Code    24  stm32f10x_i2c.o(.text)
    I2C_GetPEC                               0x08004f01   Thumb Code     8  stm32f10x_i2c.o(.text)
    I2C_ARPCmd                               0x08004f09   Thumb Code    24  stm32f10x_i2c.o(.text)
    I2C_StretchClockCmd                      0x08004f21   Thumb Code    24  stm32f10x_i2c.o(.text)
    I2C_FastModeDutyCycleConfig              0x08004f39   Thumb Code    28  stm32f10x_i2c.o(.text)
    I2C_CheckEvent                           0x08004f55   Thumb Code    42  stm32f10x_i2c.o(.text)
    I2C_GetLastEvent                         0x08004f7f   Thumb Code    26  stm32f10x_i2c.o(.text)
    I2C_GetFlagStatus                        0x08004f99   Thumb Code    58  stm32f10x_i2c.o(.text)
    I2C_ClearFlag                            0x08004fd3   Thumb Code    12  stm32f10x_i2c.o(.text)
    I2C_GetITStatus                          0x08004fdf   Thumb Code    54  stm32f10x_i2c.o(.text)
    I2C_ClearITPendingBit                    0x08005015   Thumb Code    12  stm32f10x_i2c.o(.text)
    RCC_DeInit                               0x08005021   Thumb Code    64  stm32f10x_rcc.o(.text)
    RCC_HSEConfig                            0x08005061   Thumb Code    70  stm32f10x_rcc.o(.text)
    RCC_GetFlagStatus                        0x080050a7   Thumb Code    56  stm32f10x_rcc.o(.text)
    RCC_WaitForHSEStartUp                    0x080050df   Thumb Code    56  stm32f10x_rcc.o(.text)
    RCC_AdjustHSICalibrationValue            0x08005117   Thumb Code    20  stm32f10x_rcc.o(.text)
    RCC_HSICmd                               0x0800512b   Thumb Code     6  stm32f10x_rcc.o(.text)
    RCC_PLLConfig                            0x08005131   Thumb Code    24  stm32f10x_rcc.o(.text)
    RCC_PLLCmd                               0x08005149   Thumb Code     6  stm32f10x_rcc.o(.text)
    RCC_SYSCLKConfig                         0x0800514f   Thumb Code    18  stm32f10x_rcc.o(.text)
    RCC_GetSYSCLKSource                      0x08005161   Thumb Code    10  stm32f10x_rcc.o(.text)
    RCC_HCLKConfig                           0x0800516b   Thumb Code    18  stm32f10x_rcc.o(.text)
    RCC_PCLK1Config                          0x0800517d   Thumb Code    18  stm32f10x_rcc.o(.text)
    RCC_PCLK2Config                          0x0800518f   Thumb Code    20  stm32f10x_rcc.o(.text)
    RCC_ITConfig                             0x080051a3   Thumb Code    26  stm32f10x_rcc.o(.text)
    RCC_USBCLKConfig                         0x080051bd   Thumb Code     6  stm32f10x_rcc.o(.text)
    RCC_ADCCLKConfig                         0x080051c3   Thumb Code    18  stm32f10x_rcc.o(.text)
    RCC_LSEConfig                            0x080051d5   Thumb Code    44  stm32f10x_rcc.o(.text)
    RCC_LSICmd                               0x08005201   Thumb Code     6  stm32f10x_rcc.o(.text)
    RCC_RTCCLKConfig                         0x08005207   Thumb Code    12  stm32f10x_rcc.o(.text)
    RCC_RTCCLKCmd                            0x08005213   Thumb Code     8  stm32f10x_rcc.o(.text)
    RCC_GetClocksFreq                        0x0800521b   Thumb Code   192  stm32f10x_rcc.o(.text)
    RCC_AHBPeriphClockCmd                    0x080052db   Thumb Code    26  stm32f10x_rcc.o(.text)
    RCC_APB2PeriphClockCmd                   0x080052f5   Thumb Code    26  stm32f10x_rcc.o(.text)
    RCC_APB1PeriphClockCmd                   0x0800530f   Thumb Code    26  stm32f10x_rcc.o(.text)
    RCC_APB2PeriphResetCmd                   0x08005329   Thumb Code    26  stm32f10x_rcc.o(.text)
    RCC_APB1PeriphResetCmd                   0x08005343   Thumb Code    26  stm32f10x_rcc.o(.text)
    RCC_BackupResetCmd                       0x0800535d   Thumb Code     8  stm32f10x_rcc.o(.text)
    RCC_ClockSecuritySystemCmd               0x08005365   Thumb Code     6  stm32f10x_rcc.o(.text)
    RCC_MCOConfig                            0x0800536b   Thumb Code     6  stm32f10x_rcc.o(.text)
    RCC_ClearFlag                            0x08005371   Thumb Code    14  stm32f10x_rcc.o(.text)
    RCC_GetITStatus                          0x0800537f   Thumb Code    20  stm32f10x_rcc.o(.text)
    RCC_ClearITPendingBit                    0x08005393   Thumb Code     6  stm32f10x_rcc.o(.text)
    SPI_I2S_DeInit                           0x080053c5   Thumb Code    76  stm32f10x_spi.o(.text)
    SPI_Init                                 0x08005411   Thumb Code    60  stm32f10x_spi.o(.text)
    I2S_Init                                 0x0800544d   Thumb Code   226  stm32f10x_spi.o(.text)
    SPI_StructInit                           0x0800552f   Thumb Code    24  stm32f10x_spi.o(.text)
    I2S_StructInit                           0x08005547   Thumb Code    20  stm32f10x_spi.o(.text)
    SPI_Cmd                                  0x0800555b   Thumb Code    24  stm32f10x_spi.o(.text)
    I2S_Cmd                                  0x08005573   Thumb Code    24  stm32f10x_spi.o(.text)
    SPI_I2S_ITConfig                         0x0800558b   Thumb Code    32  stm32f10x_spi.o(.text)
    SPI_I2S_DMACmd                           0x080055ab   Thumb Code    18  stm32f10x_spi.o(.text)
    SPI_I2S_SendData                         0x080055bd   Thumb Code     4  stm32f10x_spi.o(.text)
    SPI_I2S_ReceiveData                      0x080055c1   Thumb Code     6  stm32f10x_spi.o(.text)
    SPI_NSSInternalSoftwareConfig            0x080055c7   Thumb Code    30  stm32f10x_spi.o(.text)
    SPI_SSOutputCmd                          0x080055e5   Thumb Code    24  stm32f10x_spi.o(.text)
    SPI_DataSizeConfig                       0x080055fd   Thumb Code    18  stm32f10x_spi.o(.text)
    SPI_TransmitCRC                          0x0800560f   Thumb Code    10  stm32f10x_spi.o(.text)
    SPI_CalculateCRC                         0x08005619   Thumb Code    24  stm32f10x_spi.o(.text)
    SPI_GetCRC                               0x08005631   Thumb Code    16  stm32f10x_spi.o(.text)
    SPI_GetCRCPolynomial                     0x08005641   Thumb Code     6  stm32f10x_spi.o(.text)
    SPI_BiDirectionalLineConfig              0x08005647   Thumb Code    28  stm32f10x_spi.o(.text)
    SPI_I2S_GetFlagStatus                    0x08005663   Thumb Code    18  stm32f10x_spi.o(.text)
    SPI_I2S_ClearFlag                        0x08005675   Thumb Code     6  stm32f10x_spi.o(.text)
    SPI_I2S_GetITStatus                      0x0800567b   Thumb Code    52  stm32f10x_spi.o(.text)
    SPI_I2S_ClearITPendingBit                0x080056af   Thumb Code    20  stm32f10x_spi.o(.text)
    TIM_DeInit                               0x080056d1   Thumb Code   424  stm32f10x_tim.o(.text)
    TIM_TimeBaseInit                         0x08005879   Thumb Code   122  stm32f10x_tim.o(.text)
    TIM_OC1Init                              0x080058f3   Thumb Code   132  stm32f10x_tim.o(.text)
    TIM_OC2Init                              0x08005977   Thumb Code   154  stm32f10x_tim.o(.text)
    TIM_OC3Init                              0x08005a11   Thumb Code   150  stm32f10x_tim.o(.text)
    TIM_OC4Init                              0x08005aa7   Thumb Code   182  stm32f10x_tim.o(.text)
    TIM_SetIC4Prescaler                      0x08005b5d   Thumb Code    26  stm32f10x_tim.o(.text)
    TIM_SetIC3Prescaler                      0x08005bf9   Thumb Code    18  stm32f10x_tim.o(.text)
    TIM_SetIC2Prescaler                      0x08005c85   Thumb Code    26  stm32f10x_tim.o(.text)
    TIM_SetIC1Prescaler                      0x08005d21   Thumb Code    18  stm32f10x_tim.o(.text)
    TIM_ICInit                               0x08005d9f   Thumb Code   150  stm32f10x_tim.o(.text)
    TIM_PWMIConfig                           0x08005e35   Thumb Code   124  stm32f10x_tim.o(.text)
    TIM_BDTRConfig                           0x08005eb1   Thumb Code    32  stm32f10x_tim.o(.text)
    TIM_TimeBaseStructInit                   0x08005ed1   Thumb Code    18  stm32f10x_tim.o(.text)
    TIM_OCStructInit                         0x08005ee3   Thumb Code    20  stm32f10x_tim.o(.text)
    TIM_ICStructInit                         0x08005ef7   Thumb Code    18  stm32f10x_tim.o(.text)
    TIM_BDTRStructInit                       0x08005f09   Thumb Code    40  stm32f10x_tim.o(.text)
    TIM_Cmd                                  0x08005f31   Thumb Code    24  stm32f10x_tim.o(.text)
    TIM_CtrlPWMOutputs                       0x08005f49   Thumb Code    30  stm32f10x_tim.o(.text)
    TIM_ITConfig                             0x08005f67   Thumb Code    18  stm32f10x_tim.o(.text)
    TIM_GenerateEvent                        0x08005f79   Thumb Code     4  stm32f10x_tim.o(.text)
    TIM_DMAConfig                            0x08005f7d   Thumb Code    10  stm32f10x_tim.o(.text)
    TIM_DMACmd                               0x08005f87   Thumb Code    18  stm32f10x_tim.o(.text)
    TIM_InternalClockConfig                  0x08005f99   Thumb Code    12  stm32f10x_tim.o(.text)
    TIM_SelectInputTrigger                   0x08005fa5   Thumb Code    18  stm32f10x_tim.o(.text)
    TIM_ITRxExternalClockConfig              0x08005fb7   Thumb Code    24  stm32f10x_tim.o(.text)
    TIM_TIxExternalClockConfig               0x08005fcf   Thumb Code    62  stm32f10x_tim.o(.text)
    TIM_ETRConfig                            0x0800600d   Thumb Code    28  stm32f10x_tim.o(.text)
    TIM_ETRClockMode1Config                  0x08006029   Thumb Code    54  stm32f10x_tim.o(.text)
    TIM_ETRClockMode2Config                  0x0800605f   Thumb Code    32  stm32f10x_tim.o(.text)
    TIM_PrescalerConfig                      0x0800607f   Thumb Code     6  stm32f10x_tim.o(.text)
    TIM_CounterModeConfig                    0x08006085   Thumb Code    18  stm32f10x_tim.o(.text)
    TIM_EncoderInterfaceConfig               0x08006097   Thumb Code    66  stm32f10x_tim.o(.text)
    TIM_ForcedOC1Config                      0x080060d9   Thumb Code    18  stm32f10x_tim.o(.text)
    TIM_ForcedOC2Config                      0x080060eb   Thumb Code    26  stm32f10x_tim.o(.text)
    TIM_ForcedOC3Config                      0x08006105   Thumb Code    18  stm32f10x_tim.o(.text)
    TIM_ForcedOC4Config                      0x08006117   Thumb Code    26  stm32f10x_tim.o(.text)
    TIM_ARRPreloadConfig                     0x08006131   Thumb Code    24  stm32f10x_tim.o(.text)
    TIM_SelectCOM                            0x08006149   Thumb Code    24  stm32f10x_tim.o(.text)
    TIM_SelectCCDMA                          0x08006161   Thumb Code    24  stm32f10x_tim.o(.text)
    TIM_CCPreloadControl                     0x08006179   Thumb Code    24  stm32f10x_tim.o(.text)
    TIM_OC1PreloadConfig                     0x08006191   Thumb Code    18  stm32f10x_tim.o(.text)
    TIM_OC2PreloadConfig                     0x080061a3   Thumb Code    26  stm32f10x_tim.o(.text)
    TIM_OC3PreloadConfig                     0x080061bd   Thumb Code    18  stm32f10x_tim.o(.text)
    TIM_OC4PreloadConfig                     0x080061cf   Thumb Code    26  stm32f10x_tim.o(.text)
    TIM_OC1FastConfig                        0x080061e9   Thumb Code    18  stm32f10x_tim.o(.text)
    TIM_OC2FastConfig                        0x080061fb   Thumb Code    26  stm32f10x_tim.o(.text)
    TIM_OC3FastConfig                        0x08006215   Thumb Code    18  stm32f10x_tim.o(.text)
    TIM_OC4FastConfig                        0x08006227   Thumb Code    26  stm32f10x_tim.o(.text)
    TIM_ClearOC1Ref                          0x08006241   Thumb Code    18  stm32f10x_tim.o(.text)
    TIM_ClearOC2Ref                          0x08006253   Thumb Code    24  stm32f10x_tim.o(.text)
    TIM_ClearOC3Ref                          0x0800626b   Thumb Code    18  stm32f10x_tim.o(.text)
    TIM_ClearOC4Ref                          0x0800627d   Thumb Code    24  stm32f10x_tim.o(.text)
    TIM_OC1PolarityConfig                    0x08006295   Thumb Code    18  stm32f10x_tim.o(.text)
    TIM_OC1NPolarityConfig                   0x080062a7   Thumb Code    18  stm32f10x_tim.o(.text)
    TIM_OC2PolarityConfig                    0x080062b9   Thumb Code    26  stm32f10x_tim.o(.text)
    TIM_OC2NPolarityConfig                   0x080062d3   Thumb Code    26  stm32f10x_tim.o(.text)
    TIM_OC3PolarityConfig                    0x080062ed   Thumb Code    26  stm32f10x_tim.o(.text)
    TIM_OC3NPolarityConfig                   0x08006307   Thumb Code    26  stm32f10x_tim.o(.text)
    TIM_OC4PolarityConfig                    0x08006321   Thumb Code    26  stm32f10x_tim.o(.text)
    TIM_CCxCmd                               0x0800633b   Thumb Code    30  stm32f10x_tim.o(.text)
    TIM_CCxNCmd                              0x08006359   Thumb Code    30  stm32f10x_tim.o(.text)
    TIM_SelectOCxM                           0x08006377   Thumb Code    82  stm32f10x_tim.o(.text)
    TIM_UpdateDisableConfig                  0x080063c9   Thumb Code    24  stm32f10x_tim.o(.text)
    TIM_UpdateRequestConfig                  0x080063e1   Thumb Code    24  stm32f10x_tim.o(.text)
    TIM_SelectHallSensor                     0x080063f9   Thumb Code    24  stm32f10x_tim.o(.text)
    TIM_SelectOnePulseMode                   0x08006411   Thumb Code    18  stm32f10x_tim.o(.text)
    TIM_SelectOutputTrigger                  0x08006423   Thumb Code    18  stm32f10x_tim.o(.text)
    TIM_SelectSlaveMode                      0x08006435   Thumb Code    18  stm32f10x_tim.o(.text)
    TIM_SelectMasterSlaveMode                0x08006447   Thumb Code    18  stm32f10x_tim.o(.text)
    TIM_SetCounter                           0x08006459   Thumb Code     4  stm32f10x_tim.o(.text)
    TIM_SetAutoreload                        0x0800645d   Thumb Code     4  stm32f10x_tim.o(.text)
    TIM_SetCompare1                          0x08006461   Thumb Code     4  stm32f10x_tim.o(.text)
    TIM_SetCompare2                          0x08006465   Thumb Code     4  stm32f10x_tim.o(.text)
    TIM_SetCompare3                          0x08006469   Thumb Code     4  stm32f10x_tim.o(.text)
    TIM_SetCompare4                          0x0800646d   Thumb Code     6  stm32f10x_tim.o(.text)
    TIM_SetClockDivision                     0x08006473   Thumb Code    18  stm32f10x_tim.o(.text)
    TIM_GetCapture1                          0x08006485   Thumb Code     6  stm32f10x_tim.o(.text)
    TIM_GetCapture2                          0x0800648b   Thumb Code     6  stm32f10x_tim.o(.text)
    TIM_GetCapture3                          0x08006491   Thumb Code     6  stm32f10x_tim.o(.text)
    TIM_GetCapture4                          0x08006497   Thumb Code     8  stm32f10x_tim.o(.text)
    TIM_GetCounter                           0x0800649f   Thumb Code     6  stm32f10x_tim.o(.text)
    TIM_GetPrescaler                         0x080064a5   Thumb Code     6  stm32f10x_tim.o(.text)
    TIM_GetFlagStatus                        0x080064ab   Thumb Code    18  stm32f10x_tim.o(.text)
    TIM_ClearFlag                            0x080064bd   Thumb Code     6  stm32f10x_tim.o(.text)
    TIM_GetITStatus                          0x080064c3   Thumb Code    34  stm32f10x_tim.o(.text)
    TIM_ClearITPendingBit                    0x080064e5   Thumb Code     6  stm32f10x_tim.o(.text)
    DELAY_MS_I2C1                            0x080064ed   Thumb Code    30  ano_tech_stm32f10x_i2c1.o(.text)
    ANO_Tech_I2C1_RESET                      0x0800650b   Thumb Code   240  ano_tech_stm32f10x_i2c1.o(.text)
    ANOTech_taobao_com_I2C1_INIT             0x080065fb   Thumb Code   260  ano_tech_stm32f10x_i2c1.o(.text)
    I2C1_GetSR1                              0x080066ff   Thumb Code     8  ano_tech_stm32f10x_i2c1.o(.text)
    I2C1_GetSR2                              0x08006707   Thumb Code     8  ano_tech_stm32f10x_i2c1.o(.text)
    I2C1_PullDownSCL                         0x0800670f   Thumb Code    26  ano_tech_stm32f10x_i2c1.o(.text)
    I2C1_ReleaseSCL                          0x08006729   Thumb Code    18  ano_tech_stm32f10x_i2c1.o(.text)
    ANO_Tech_I2C1_Read_Int                   0x0800673b   Thumb Code   126  ano_tech_stm32f10x_i2c1.o(.text)
    ANO_Tech_I2C1_Read_Buf                   0x080067b9   Thumb Code    36  ano_tech_stm32f10x_i2c1.o(.text)
    ANO_Tech_I2C1_Write_Int                  0x080067dd   Thumb Code   122  ano_tech_stm32f10x_i2c1.o(.text)
    ANO_Tech_I2C1_Write_1Byte                0x08006857   Thumb Code    36  ano_tech_stm32f10x_i2c1.o(.text)
    ANO_Tech_I2C1_Write_Buf                  0x0800687b   Thumb Code    36  ano_tech_stm32f10x_i2c1.o(.text)
    ANO_Tech_I2C1_EV_IRQ                     0x0800689f   Thumb Code   834  ano_tech_stm32f10x_i2c1.o(.text)
    ANO_Tech_I2C1_ER_IRQ                     0x08006be1   Thumb Code     8  ano_tech_stm32f10x_i2c1.o(.text)
    __use_two_region_memory                  0x08006c09   Thumb Code     2  heapauxi.o(.text)
    __rt_heap_escrow$2region                 0x08006c0b   Thumb Code     2  heapauxi.o(.text)
    __rt_heap_expand$2region                 0x08006c0d   Thumb Code     2  heapauxi.o(.text)
    __read_errno                             0x08006c0f   Thumb Code    10  _rserrno.o(.text)
    __set_errno                              0x08006c19   Thumb Code    12  _rserrno.o(.text)
    __aeabi_errno_addr                       0x08006c25   Thumb Code     8  rt_errno_addr_intlibspace.o(.text)
    __errno$intlibspace                      0x08006c25   Thumb Code     0  rt_errno_addr_intlibspace.o(.text)
    __rt_errno_addr$intlibspace              0x08006c25   Thumb Code     0  rt_errno_addr_intlibspace.o(.text)
    __user_libspace                          0x08006c2d   Thumb Code     8  libspace.o(.text)
    __user_perproc_libspace                  0x08006c2d   Thumb Code     0  libspace.o(.text)
    __user_perthread_libspace                0x08006c2d   Thumb Code     0  libspace.o(.text)
    __user_setup_stackheap                   0x08006c35   Thumb Code    74  sys_stackheap_outer.o(.text)
    exit                                     0x08006c7f   Thumb Code    12  exit.o(.text)
    _sys_exit                                0x08006c8d   Thumb Code     8  sys_exit.o(.text)
    __I$use$semihosting                      0x08006c99   Thumb Code     0  use_no_semi.o(.text)
    __use_no_semihosting_swi                 0x08006c99   Thumb Code     2  use_no_semi.o(.text)
    __ARM_fpclassify                         0x08006c9b   Thumb Code    40  fpclassify.o(i.__ARM_fpclassify)
    __semihosting_library_function           0x08006c9b   Thumb Code     0  indicate_semi.o(.text)
    __kernel_poly                            0x08006cc3   Thumb Code   170  poly.o(i.__kernel_poly)
    __mathlib_dbl_underflow                  0x08006d6d   Thumb Code    10  dunder.o(i.__mathlib_dbl_underflow)
    asin                                     0x08006d7d   Thumb Code   584  asin.o(i.asin)
    atan                                     0x08006ff9   Thumb Code   478  atan.o(i.atan)
    atan2                                    0x0800721d   Thumb Code   346  atan2.o(i.atan2)
    sqrt                                     0x0800739d   Thumb Code    76  sqrt.o(i.sqrt)
    __aeabi_d2f                              0x080073e9   Thumb Code     0  d2f.o(x$fpl$d2f)
    _d2f                                     0x080073e9   Thumb Code    98  d2f.o(x$fpl$d2f)
    __aeabi_dadd                             0x0800744d   Thumb Code     0  daddsub_clz.o(x$fpl$dadd)
    _dadd                                    0x0800744d   Thumb Code   332  daddsub_clz.o(x$fpl$dadd)
    __fpl_dcheck_NaN1                        0x0800759d   Thumb Code    10  dcheck1.o(x$fpl$dcheck1)
    __aeabi_ddiv                             0x080075ad   Thumb Code     0  ddiv.o(x$fpl$ddiv)
    _ddiv                                    0x080075ad   Thumb Code   552  ddiv.o(x$fpl$ddiv)
    __aeabi_dmul                             0x0800785d   Thumb Code     0  dmul.o(x$fpl$dmul)
    _dmul                                    0x0800785d   Thumb Code   332  dmul.o(x$fpl$dmul)
    __fpl_dnaninf                            0x080079b1   Thumb Code   156  dnaninf.o(x$fpl$dnaninf)
    __fpl_dretinf                            0x08007a4d   Thumb Code    12  dretinf.o(x$fpl$dretinf)
    __aeabi_drsub                            0x08007a59   Thumb Code     0  daddsub_clz.o(x$fpl$drsb)
    _drsb                                    0x08007a59   Thumb Code    22  daddsub_clz.o(x$fpl$drsb)
    _dsqrt                                   0x08007a71   Thumb Code   456  dsqrt_noumaal.o(x$fpl$dsqrt)
    __aeabi_dsub                             0x08007c3d   Thumb Code     0  daddsub_clz.o(x$fpl$dsub)
    _dsub                                    0x08007c3d   Thumb Code   464  daddsub_clz.o(x$fpl$dsub)
    __aeabi_f2d                              0x08007e11   Thumb Code     0  f2d.o(x$fpl$f2d)
    _f2d                                     0x08007e11   Thumb Code    86  f2d.o(x$fpl$f2d)
    __aeabi_fadd                             0x08007e69   Thumb Code     0  faddsub_clz.o(x$fpl$fadd)
    _fadd                                    0x08007e69   Thumb Code   196  faddsub_clz.o(x$fpl$fadd)
    __fpl_fcmp_Inf                           0x08007f2d   Thumb Code    24  fcmpi.o(x$fpl$fcmpinf)
    __aeabi_fdiv                             0x08007f45   Thumb Code     0  fdiv.o(x$fpl$fdiv)
    _fdiv                                    0x08007f45   Thumb Code   384  fdiv.o(x$fpl$fdiv)
    __aeabi_cfcmpeq                          0x080080c9   Thumb Code     0  feqf.o(x$fpl$feqf)
    _fcmpeq                                  0x080080c9   Thumb Code   104  feqf.o(x$fpl$feqf)
    __aeabi_f2iz                             0x08008131   Thumb Code     0  ffix.o(x$fpl$ffix)
    _ffix                                    0x08008131   Thumb Code    54  ffix.o(x$fpl$ffix)
    __aeabi_f2uiz                            0x08008169   Thumb Code     0  ffixu.o(x$fpl$ffixu)
    _ffixu                                   0x08008169   Thumb Code    62  ffixu.o(x$fpl$ffixu)
    __aeabi_i2f                              0x080081a9   Thumb Code     0  fflt_clz.o(x$fpl$fflt)
    _fflt                                    0x080081a9   Thumb Code    48  fflt_clz.o(x$fpl$fflt)
    __aeabi_cfcmple                          0x080081d9   Thumb Code     0  fleqf.o(x$fpl$fleqf)
    _fcmple                                  0x080081d9   Thumb Code   104  fleqf.o(x$fpl$fleqf)
    __fpl_fcmple_InfNaN                      0x0800822b   Thumb Code     0  fleqf.o(x$fpl$fleqf)
    __aeabi_fmul                             0x08008241   Thumb Code     0  fmul.o(x$fpl$fmul)
    _fmul                                    0x08008241   Thumb Code   258  fmul.o(x$fpl$fmul)
    __fpl_fnaninf                            0x08008343   Thumb Code   140  fnaninf.o(x$fpl$fnaninf)
    __fpl_fretinf                            0x080083cf   Thumb Code    10  fretinf.o(x$fpl$fretinf)
    __aeabi_cfrcmple                         0x080083d9   Thumb Code     0  frleqf.o(x$fpl$frleqf)
    _frcmple                                 0x080083d9   Thumb Code    98  frleqf.o(x$fpl$frleqf)
    __aeabi_frsub                            0x0800843b   Thumb Code     0  faddsub_clz.o(x$fpl$frsb)
    _frsb                                    0x0800843b   Thumb Code    20  faddsub_clz.o(x$fpl$frsb)
    __aeabi_fsub                             0x08008451   Thumb Code     0  faddsub_clz.o(x$fpl$fsub)
    _fsub                                    0x08008451   Thumb Code   234  faddsub_clz.o(x$fpl$fsub)
    __fpl_return_NaN                         0x0800853b   Thumb Code   100  retnan.o(x$fpl$retnan)
    __ARM_scalbn                             0x0800859f   Thumb Code    92  scalbn.o(x$fpl$scalbn)
    __fpl_cmpreturn                          0x080085fb   Thumb Code    48  trapv.o(x$fpl$trapveneer)
    __I$use$fp                               0x0800862a   Number         0  usenofp.o(x$fpl$usenofp)
    __mathlib_zero                           0x08008718   Data           8  qnan.o(.constdata)
    Region$$Table$$Base                      0x08008720   Number         0  anon$$obj.o(Region$$Table)
    Region$$Table$$Limit                     0x08008740   Number         0  anon$$obj.o(Region$$Table)
    SystemCoreClock                          0x20000000   Data           4  system_stm32f10x.o(.data)
    AHBPrescTable                            0x20000004   Data          16  system_stm32f10x.o(.data)
    SYS_INIT_OK                              0x20000014   Data           1  main.o(.data)
    FLAG_ATT                                 0x20000015   Data           1  main.o(.data)
    Acc                                      0x20000034   Data           6  main.o(.data)
    Gyr                                      0x2000003a   Data           6  main.o(.data)
    Acc_AVG                                  0x20000040   Data           6  main.o(.data)
    Alt                                      0x20000048   Data           4  main.o(.data)
    Rc_C                                     0x2000004c   Data           1  main.o(.data)
    getlast_roll                             0x20000050   Data           2  control.o(.data)
    geilast_pitch                            0x20000052   Data           2  control.o(.data)
    rol_i                                    0x20000054   Data           4  control.o(.data)
    pit_i                                    0x20000058   Data           4  control.o(.data)
    yaw_p                                    0x2000005c   Data           4  control.o(.data)
    Moto_PWM_1                               0x20000060   Data           2  control.o(.data)
    Moto_PWM_2                               0x20000062   Data           2  control.o(.data)
    Moto_PWM_3                               0x20000064   Data           2  control.o(.data)
    Moto_PWM_4                               0x20000066   Data           2  control.o(.data)
    Moto_PWM_5                               0x20000068   Data           2  control.o(.data)
    Moto_PWM_6                               0x2000006a   Data           2  control.o(.data)
    Moto_PWM_7                               0x2000006c   Data           2  control.o(.data)
    Moto_PWM_8                               0x2000006e   Data           2  control.o(.data)
    Data_Check                               0x20000070   Data           1  data_transfer.o(.data)
    Send_Status                              0x20000071   Data           1  data_transfer.o(.data)
    Send_Senser                              0x20000072   Data           1  data_transfer.o(.data)
    Send_RCData                              0x20000073   Data           1  data_transfer.o(.data)
    Send_Offset                              0x20000074   Data           1  data_transfer.o(.data)
    Send_PID1                                0x20000075   Data           1  data_transfer.o(.data)
    Send_PID2                                0x20000076   Data           1  data_transfer.o(.data)
    Send_PID3                                0x20000077   Data           1  data_transfer.o(.data)
    Send_MotoPwm                             0x20000078   Data           1  data_transfer.o(.data)
    AngleOffset_Rol                          0x2000007c   Data           4  imu.o(.data)
    AngleOffset_Pit                          0x20000080   Data           4  imu.o(.data)
    q0                                       0x20000084   Data           4  imu.o(.data)
    q1                                       0x20000088   Data           4  imu.o(.data)
    q2                                       0x2000008c   Data           4  imu.o(.data)
    q3                                       0x20000090   Data           4  imu.o(.data)
    exInt                                    0x20000094   Data           4  imu.o(.data)
    eyInt                                    0x20000098   Data           4  imu.o(.data)
    ezInt                                    0x2000009c   Data           4  imu.o(.data)
    VirtAddVarTab                            0x200000a4   Data          30  bsp.o(.data)
    temp                                     0x200000c2   Data           2  bsp.o(.data)
    DataVar                                  0x200000c4   Data           2  eeprom.o(.data)
    CurWrAddress                             0x200000c8   Data           4  eeprom.o(.data)
    GYRO_OFFSET                              0x200000f6   Data           6  mpu6050.o(.data)
    ACC_OFFSET                               0x200000fc   Data           6  mpu6050.o(.data)
    TX_ADDRESS                               0x20000102   Data           5  nrf24l01.o(.data)
    RX_ADDRESS                               0x20000107   Data           5  nrf24l01.o(.data)
    TIM4_IRQCNT                              0x2000010c   Data           4  tim3.o(.data)
    TxCounter                                0x20000128   Data           1  usart.o(.data)
    count                                    0x20000129   Data           1  usart.o(.data)
    Dev_Addr                                 0x20000144   Data           1  ano_tech_stm32f10x_i2c1.o(.data)
    Reg_Addr                                 0x20000145   Data           1  ano_tech_stm32f10x_i2c1.o(.data)
    WR_Num                                   0x20000146   Data           1  ano_tech_stm32f10x_i2c1.o(.data)
    WR_Num_Cnt                               0x20000147   Data           1  ano_tech_stm32f10x_i2c1.o(.data)
    WR_Temp                                  0x20000148   Data           4  ano_tech_stm32f10x_i2c1.o(.data)
    W_R                                      0x2000014c   Data           1  ano_tech_stm32f10x_i2c1.o(.data)
    Send_WRReg_OK                            0x2000014d   Data           1  ano_tech_stm32f10x_i2c1.o(.data)
    I2C1_BUSY                                0x2000014e   Data           1  ano_tech_stm32f10x_i2c1.o(.data)
    IIC1_ERROR_CNT                           0x2000014f   Data           1  ano_tech_stm32f10x_i2c1.o(.data)
    Att_Angle                                0x20000150   Data          12  main.o(.bss)
    Rc_D                                     0x2000015c   Data          20  main.o(.bss)
    PID_ROL                                  0x20000170   Data          32  control.o(.bss)
    PID_PIT                                  0x20000190   Data          32  control.o(.bss)
    PID_YAW                                  0x200001b0   Data          32  control.o(.bss)
    PID_ALT                                  0x200001d0   Data          32  control.o(.bss)
    PID_POS                                  0x200001f0   Data          32  control.o(.bss)
    PID_PID_1                                0x20000210   Data          32  control.o(.bss)
    PID_PID_2                                0x20000230   Data          32  control.o(.bss)
    data_to_send                             0x20000250   Data          50  data_transfer.o(.bss)
    NRF24L01_RXDATA                          0x20000308   Data          32  nrf24l01.o(.bss)
    NRF24L01_TXDATA                          0x20000328   Data          32  nrf24l01.o(.bss)
    TxBuffer                                 0x2000035c   Data         256  usart.o(.bss)
    __libspace_start                         0x20000490   Data          96  libspace.o(.bss)
    __temporary_stack_top$libspace           0x200004f0   Data           0  libspace.o(.bss)



==============================================================================

Memory Map of the image

  Image Entry point : 0x080000ed

  Load Region LR_IROM1 (Base: 0x08000000, Size: 0x00008890, Max: 0x00020000, ABSOLUTE, COMPRESSED[0x00008794])

    Execution Region ER_IROM1 (Base: 0x08000000, Size: 0x00008740, Max: 0x00020000, ABSOLUTE)

    Base Addr    Size         Type   Attr      Idx    E Section Name        Object

    0x08000000   0x000000ec   Data   RO            3    RESET               startup_stm32f10x_md.o
    0x080000ec   0x00000008   Code   RO          729  * !!!main             c_w.l(__main.o)
    0x080000f4   0x00000034   Code   RO         1008    !!!scatter          c_w.l(__scatter.o)
    0x08000128   0x0000005a   Code   RO         1006    !!dczerorl2         c_w.l(__dczerorl2.o)
    0x08000182   0x00000002   PAD
    0x08000184   0x0000001c   Code   RO         1010    !!handler_zi        c_w.l(__scatter_zi.o)
    0x080001a0   0x00000002   Code   RO          878    .ARM.Collect$$libinit$$00000000  c_w.l(libinit.o)
    0x080001a2   0x00000000   Code   RO          884    .ARM.Collect$$libinit$$00000002  c_w.l(libinit2.o)
    0x080001a2   0x00000000   Code   RO          887    .ARM.Collect$$libinit$$00000008  c_w.l(libinit2.o)
    0x080001a2   0x00000000   Code   RO          889    .ARM.Collect$$libinit$$0000000A  c_w.l(libinit2.o)
    0x080001a2   0x00000000   Code   RO          891    .ARM.Collect$$libinit$$0000000C  c_w.l(libinit2.o)
    0x080001a2   0x00000000   Code   RO          894    .ARM.Collect$$libinit$$0000000F  c_w.l(libinit2.o)
    0x080001a2   0x00000000   Code   RO          896    .ARM.Collect$$libinit$$00000011  c_w.l(libinit2.o)
    0x080001a2   0x00000000   Code   RO          898    .ARM.Collect$$libinit$$00000013  c_w.l(libinit2.o)
    0x080001a2   0x00000000   Code   RO          900    .ARM.Collect$$libinit$$00000015  c_w.l(libinit2.o)
    0x080001a2   0x00000000   Code   RO          902    .ARM.Collect$$libinit$$00000017  c_w.l(libinit2.o)
    0x080001a2   0x00000000   Code   RO          904    .ARM.Collect$$libinit$$00000019  c_w.l(libinit2.o)
    0x080001a2   0x00000000   Code   RO          906    .ARM.Collect$$libinit$$0000001B  c_w.l(libinit2.o)
    0x080001a2   0x00000000   Code   RO          908    .ARM.Collect$$libinit$$0000001D  c_w.l(libinit2.o)
    0x080001a2   0x00000000   Code   RO          910    .ARM.Collect$$libinit$$0000001F  c_w.l(libinit2.o)
    0x080001a2   0x00000000   Code   RO          912    .ARM.Collect$$libinit$$00000021  c_w.l(libinit2.o)
    0x080001a2   0x00000000   Code   RO          914    .ARM.Collect$$libinit$$00000023  c_w.l(libinit2.o)
    0x080001a2   0x00000000   Code   RO          918    .ARM.Collect$$libinit$$0000002A  c_w.l(libinit2.o)
    0x080001a2   0x00000000   Code   RO          920    .ARM.Collect$$libinit$$0000002C  c_w.l(libinit2.o)
    0x080001a2   0x00000000   Code   RO          922    .ARM.Collect$$libinit$$0000002E  c_w.l(libinit2.o)
    0x080001a2   0x00000000   Code   RO          924    .ARM.Collect$$libinit$$00000030  c_w.l(libinit2.o)
    0x080001a2   0x00000002   Code   RO          925    .ARM.Collect$$libinit$$00000031  c_w.l(libinit2.o)
    0x080001a4   0x00000002   Code   RO          947    .ARM.Collect$$libshutdown$$00000000  c_w.l(libshutdown.o)
    0x080001a6   0x00000000   Code   RO          961    .ARM.Collect$$libshutdown$$00000003  c_w.l(libshutdown2.o)
    0x080001a6   0x00000000   Code   RO          964    .ARM.Collect$$libshutdown$$00000006  c_w.l(libshutdown2.o)
    0x080001a6   0x00000000   Code   RO          967    .ARM.Collect$$libshutdown$$00000009  c_w.l(libshutdown2.o)
    0x080001a6   0x00000000   Code   RO          969    .ARM.Collect$$libshutdown$$0000000B  c_w.l(libshutdown2.o)
    0x080001a6   0x00000000   Code   RO          972    .ARM.Collect$$libshutdown$$0000000E  c_w.l(libshutdown2.o)
    0x080001a6   0x00000002   Code   RO          973    .ARM.Collect$$libshutdown$$0000000F  c_w.l(libshutdown2.o)
    0x080001a8   0x00000000   Code   RO          801    .ARM.Collect$$rtentry$$00000000  c_w.l(rtentry.o)
    0x080001a8   0x00000000   Code   RO          843    .ARM.Collect$$rtentry$$00000002  c_w.l(rtentry2.o)
    0x080001a8   0x00000006   Code   RO          855    .ARM.Collect$$rtentry$$00000004  c_w.l(rtentry4.o)
    0x080001ae   0x00000000   Code   RO          845    .ARM.Collect$$rtentry$$00000009  c_w.l(rtentry2.o)
    0x080001ae   0x00000004   Code   RO          846    .ARM.Collect$$rtentry$$0000000A  c_w.l(rtentry2.o)
    0x080001b2   0x00000000   Code   RO          848    .ARM.Collect$$rtentry$$0000000C  c_w.l(rtentry2.o)
    0x080001b2   0x00000008   Code   RO          849    .ARM.Collect$$rtentry$$0000000D  c_w.l(rtentry2.o)
    0x080001ba   0x00000002   Code   RO          881    .ARM.Collect$$rtexit$$00000000  c_w.l(rtexit.o)
    0x080001bc   0x00000000   Code   RO          929    .ARM.Collect$$rtexit$$00000002  c_w.l(rtexit2.o)
    0x080001bc   0x00000004   Code   RO          930    .ARM.Collect$$rtexit$$00000003  c_w.l(rtexit2.o)
    0x080001c0   0x00000006   Code   RO          931    .ARM.Collect$$rtexit$$00000004  c_w.l(rtexit2.o)
    0x080001c6   0x00000002   PAD
    0x080001c8   0x00000040   Code   RO            4    .text               startup_stm32f10x_md.o
    0x08000208   0x000001dc   Code   RO           10    .text               system_stm32f10x.o
    0x080003e4   0x00000250   Code   RO           72    .text               main.o
    0x08000634   0x00000090   Code   RO          147    .text               stm32f10x_it.o
    0x080006c4   0x00000368   Code   RO          177    .text               control.o
    0x08000a2c   0x00000fe4   Code   RO          196    .text               data_transfer.o
    0x08001a10   0x000006d0   Code   RO          224    .text               imu.o
    0x080020e0   0x000000e4   Code   RO          247    .text               rc.o
    0x080021c4   0x00000378   Code   RO          278    .text               bsp.o
    0x0800253c   0x000004e0   Code   RO          306    .text               eeprom.o
    0x08002a1c   0x0000019c   Code   RO          322    .text               led.o
    0x08002bb8   0x0000013c   Code   RO          342    .text               moto.o
    0x08002cf4   0x00000724   Code   RO          360    .text               mpu6050.o
    0x08003418   0x00000268   Code   RO          382    .text               nrf24l01.o
    0x08003680   0x000000fc   Code   RO          404    .text               spi.o
    0x0800377c   0x00000064   Code   RO          416    .text               tim3.o
    0x080037e0   0x000003a4   Code   RO          434    .text               tim_pwm_in.o
    0x08003b84   0x000002a0   Code   RO          452    .text               usart.o
    0x08003e24   0x00000408   Code   RO          482    .text               stm32f10x_usart.o
    0x0800422c   0x000000dc   Code   RO          544    .text               misc.o
    0x08004308   0x000005bc   Code   RO          595    .text               stm32f10x_flash.o
    0x080048c4   0x00000358   Code   RO          607    .text               stm32f10x_gpio.o
    0x08004c1c   0x00000404   Code   RO          619    .text               stm32f10x_i2c.o
    0x08005020   0x000003a4   Code   RO          631    .text               stm32f10x_rcc.o
    0x080053c4   0x0000030c   Code   RO          645    .text               stm32f10x_spi.o
    0x080056d0   0x00000e1a   Code   RO          657    .text               stm32f10x_tim.o
    0x080064ea   0x00000002   PAD
    0x080064ec   0x0000071c   Code   RO          669    .text               ANO_Tech_STM32F10x_I2C.lib(ano_tech_stm32f10x_i2c1.o)
    0x08006c08   0x00000006   Code   RO          727    .text               c_w.l(heapauxi.o)
    0x08006c0e   0x00000016   Code   RO          802    .text               c_w.l(_rserrno.o)
    0x08006c24   0x00000008   Code   RO          860    .text               c_w.l(rt_errno_addr_intlibspace.o)
    0x08006c2c   0x00000008   Code   RO          866    .text               c_w.l(libspace.o)
    0x08006c34   0x0000004a   Code   RO          869    .text               c_w.l(sys_stackheap_outer.o)
    0x08006c7e   0x0000000c   Code   RO          871    .text               c_w.l(exit.o)
    0x08006c8a   0x00000002   PAD
    0x08006c8c   0x0000000c   Code   RO          939    .text               c_w.l(sys_exit.o)
    0x08006c98   0x00000002   Code   RO          950    .text               c_w.l(use_no_semi.o)
    0x08006c9a   0x00000000   Code   RO          952    .text               c_w.l(indicate_semi.o)
    0x08006c9a   0x00000028   Code   RO          837    i.__ARM_fpclassify  m_ws.l(fpclassify.o)
    0x08006cc2   0x000000aa   Code   RO          839    i.__kernel_poly     m_ws.l(poly.o)
    0x08006d6c   0x00000010   Code   RO          835    i.__mathlib_dbl_underflow  m_ws.l(dunder.o)
    0x08006d7c   0x0000027c   Code   RO          776    i.asin              m_ws.l(asin.o)
    0x08006ff8   0x00000224   Code   RO          826    i.atan              m_ws.l(atan.o)
    0x0800721c   0x00000180   Code   RO          786    i.atan2             m_ws.l(atan2.o)
    0x0800739c   0x0000004c   Code   RO          794    i.sqrt              m_ws.l(sqrt.o)
    0x080073e8   0x00000062   Code   RO          731    x$fpl$d2f           fz_ws.l(d2f.o)
    0x0800744a   0x00000002   PAD
    0x0800744c   0x00000150   Code   RO          733    x$fpl$dadd          fz_ws.l(daddsub_clz.o)
    0x0800759c   0x00000010   Code   RO          862    x$fpl$dcheck1       fz_ws.l(dcheck1.o)
    0x080075ac   0x000002b0   Code   RO          805    x$fpl$ddiv          fz_ws.l(ddiv.o)
    0x0800785c   0x00000154   Code   RO          739    x$fpl$dmul          fz_ws.l(dmul.o)
    0x080079b0   0x0000009c   Code   RO          810    x$fpl$dnaninf       fz_ws.l(dnaninf.o)
    0x08007a4c   0x0000000c   Code   RO          812    x$fpl$dretinf       fz_ws.l(dretinf.o)
    0x08007a58   0x00000016   Code   RO          734    x$fpl$drsb          fz_ws.l(daddsub_clz.o)
    0x08007a6e   0x00000002   PAD
    0x08007a70   0x000001cc   Code   RO          814    x$fpl$dsqrt         fz_ws.l(dsqrt_noumaal.o)
    0x08007c3c   0x000001d4   Code   RO          735    x$fpl$dsub          fz_ws.l(daddsub_clz.o)
    0x08007e10   0x00000056   Code   RO          741    x$fpl$f2d           fz_ws.l(f2d.o)
    0x08007e66   0x00000002   PAD
    0x08007e68   0x000000c4   Code   RO          743    x$fpl$fadd          fz_ws.l(faddsub_clz.o)
    0x08007f2c   0x00000018   Code   RO          816    x$fpl$fcmpinf       fz_ws.l(fcmpi.o)
    0x08007f44   0x00000184   Code   RO          750    x$fpl$fdiv          fz_ws.l(fdiv.o)
    0x080080c8   0x00000068   Code   RO          753    x$fpl$feqf          fz_ws.l(feqf.o)
    0x08008130   0x00000036   Code   RO          755    x$fpl$ffix          fz_ws.l(ffix.o)
    0x08008166   0x00000002   PAD
    0x08008168   0x0000003e   Code   RO          759    x$fpl$ffixu         fz_ws.l(ffixu.o)
    0x080081a6   0x00000002   PAD
    0x080081a8   0x00000030   Code   RO          764    x$fpl$fflt          fz_ws.l(fflt_clz.o)
    0x080081d8   0x00000068   Code   RO          769    x$fpl$fleqf         fz_ws.l(fleqf.o)
    0x08008240   0x00000102   Code   RO          771    x$fpl$fmul          fz_ws.l(fmul.o)
    0x08008342   0x0000008c   Code   RO          818    x$fpl$fnaninf       fz_ws.l(fnaninf.o)
    0x080083ce   0x0000000a   Code   RO          820    x$fpl$fretinf       fz_ws.l(fretinf.o)
    0x080083d8   0x00000062   Code   RO          773    x$fpl$frleqf        fz_ws.l(frleqf.o)
    0x0800843a   0x00000014   Code   RO          744    x$fpl$frsb          fz_ws.l(faddsub_clz.o)
    0x0800844e   0x00000002   PAD
    0x08008450   0x000000ea   Code   RO          745    x$fpl$fsub          fz_ws.l(faddsub_clz.o)
    0x0800853a   0x00000064   Code   RO          879    x$fpl$retnan        fz_ws.l(retnan.o)
    0x0800859e   0x0000005c   Code   RO          822    x$fpl$scalbn        fz_ws.l(scalbn.o)
    0x080085fa   0x00000030   Code   RO          926    x$fpl$trapveneer    fz_ws.l(trapv.o)
    0x0800862a   0x00000000   Code   RO          824    x$fpl$usenofp       fz_ws.l(usenofp.o)
    0x0800862a   0x00000006   PAD
    0x08008630   0x00000050   Data   RO          777    .constdata          m_ws.l(asin.o)
    0x08008680   0x00000098   Data   RO          827    .constdata          m_ws.l(atan.o)
    0x08008718   0x00000008   Data   RO          841    .constdata          m_ws.l(qnan.o)
    0x08008720   0x00000020   Data   RO         1004    Region$$Table       anon$$obj.o


    Execution Region RW_IRAM1 (Base: 0x20000000, Size: 0x00000af0, Max: 0x00005000, ABSOLUTE, COMPRESSED[0x00000054])

    Base Addr    Size         Type   Attr      Idx    E Section Name        Object

    0x20000000   0x00000014   Data   RW           11    .data               system_stm32f10x.o
    0x20000014   0x00000039   Data   RW           74    .data               main.o
    0x2000004d   0x00000001   Data   RW          148    .data               stm32f10x_it.o
    0x2000004e   0x00000002   PAD
    0x20000050   0x00000020   Data   RW          179    .data               control.o
    0x20000070   0x00000009   Data   RW          198    .data               data_transfer.o
    0x20000079   0x00000003   PAD
    0x2000007c   0x00000025   Data   RW          226    .data               imu.o
    0x200000a1   0x00000002   Data   RW          248    .data               rc.o
    0x200000a3   0x00000001   PAD
    0x200000a4   0x00000020   Data   RW          279    .data               bsp.o
    0x200000c4   0x00000008   Data   RW          307    .data               eeprom.o
    0x200000cc   0x00000008   Data   RW          323    .data               led.o
    0x200000d4   0x0000002e   Data   RW          362    .data               mpu6050.o
    0x20000102   0x0000000a   Data   RW          384    .data               nrf24l01.o
    0x2000010c   0x00000004   Data   RW          417    .data               tim3.o
    0x20000110   0x00000018   Data   RW          436    .data               tim_pwm_in.o
    0x20000128   0x00000005   Data   RW          454    .data               usart.o
    0x2000012d   0x00000014   Data   RW          632    .data               stm32f10x_rcc.o
    0x20000141   0x00000003   PAD
    0x20000144   0x0000000c   Data   RW          670    .data               ANO_Tech_STM32F10x_I2C.lib(ano_tech_stm32f10x_i2c1.o)
    0x20000150   0x00000020   Zero   RW           73    .bss                main.o
    0x20000170   0x000000e0   Zero   RW          178    .bss                control.o
    0x20000250   0x00000032   Zero   RW          197    .bss                data_transfer.o
    0x20000282   0x00000078   Zero   RW          225    .bss                imu.o
    0x200002fa   0x0000000e   Zero   RW          361    .bss                mpu6050.o
    0x20000308   0x00000040   Zero   RW          383    .bss                nrf24l01.o
    0x20000348   0x00000014   Zero   RW          435    .bss                tim_pwm_in.o
    0x2000035c   0x00000132   Zero   RW          453    .bss                usart.o
    0x2000048e   0x00000002   PAD
    0x20000490   0x00000060   Zero   RW          867    .bss                c_w.l(libspace.o)
    0x200004f0   0x00000200   Zero   RW            2    HEAP                startup_stm32f10x_md.o
    0x200006f0   0x00000400   Zero   RW            1    STACK               startup_stm32f10x_md.o


==============================================================================

Image component sizes


      Code (inc. data)   RO Data    RW Data    ZI Data      Debug   Object Name

       888         32          0         32          0       2231   bsp.o
       872         58          0         32        224       2069   control.o
      4068        228          0          9         50       6326   data_transfer.o
      1248         44          0          8          0       4758   eeprom.o
      1744         98          0         37        120       2665   imu.o
       412         20          0          8          0       1001   led.o
       592         88          0         57         32       2327   main.o
       220         20          0          0          0       1553   misc.o
       316         18          0          0          0       1073   moto.o
      1828         72          0         46         14       5606   mpu6050.o
       616         14          0         10         64       2866   nrf24l01.o
       228          8          0          2          0        765   rc.o
       252         12          0          0          0        719   spi.o
        64         26        236          0       1536        752   startup_stm32f10x_md.o
      1468         34          0          0          0       7782   stm32f10x_flash.o
       856         40          0          0          0       5397   stm32f10x_gpio.o
      1028         16          0          0          0       8859   stm32f10x_i2c.o
       144         18          0          1          0       3023   stm32f10x_it.o
       932         44          0         20          0       8464   stm32f10x_rcc.o
       780         14          0          0          0       6278   stm32f10x_spi.o
      3610         88          0          0          0      21884   stm32f10x_tim.o
      1032         22          0          0          0     275172   stm32f10x_usart.o
       476         36          0         20          0     264235   system_stm32f10x.o
       100          6          0          4          0        759   tim3.o
       932         54          0         24         20       1974   tim_pwm_in.o
       672         36          0          5        306       2145   usart.o

    ----------------------------------------------------------------------
     25380       1146        268        324       2368     640683   Object Totals
         0          0         32          0          0          0   (incl. Generated)
         2          0          0          9          2          0   (incl. Padding)

    ----------------------------------------------------------------------

      Code (inc. data)   RO Data    RW Data    ZI Data      Debug   Library Member Name

      1820         74          0         12          0     227421   ano_tech_stm32f10x_i2c1.o
        90          0          0          0          0          0   __dczerorl2.o
         8          0          0          0          0         68   __main.o
        52          8          0          0          0          0   __scatter.o
        28          0          0          0          0          0   __scatter_zi.o
        22          0          0          0          0        100   _rserrno.o
        12          0          0          0          0         72   exit.o
         6          0          0          0          0        152   heapauxi.o
         0          0          0          0          0          0   indicate_semi.o
         2          0          0          0          0          0   libinit.o
         2          0          0          0          0          0   libinit2.o
         2          0          0          0          0          0   libshutdown.o
         2          0          0          0          0          0   libshutdown2.o
         8          4          0          0         96         68   libspace.o
         8          4          0          0          0         68   rt_errno_addr_intlibspace.o
         0          0          0          0          0          0   rtentry.o
        12          0          0          0          0          0   rtentry2.o
         6          0          0          0          0          0   rtentry4.o
         2          0          0          0          0          0   rtexit.o
        10          0          0          0          0          0   rtexit2.o
        12          4          0          0          0         68   sys_exit.o
        74          0          0          0          0         80   sys_stackheap_outer.o
         2          0          0          0          0         68   use_no_semi.o
        98          4          0          0          0         92   d2f.o
       826         16          0          0          0        348   daddsub_clz.o
        16          4          0          0          0         68   dcheck1.o
       688        140          0          0          0        208   ddiv.o
       340         12          0          0          0        104   dmul.o
       156          4          0          0          0         92   dnaninf.o
        12          0          0          0          0         68   dretinf.o
       460         56          0          0          0        120   dsqrt_noumaal.o
        86          4          0          0          0         84   f2d.o
       450          8          0          0          0        236   faddsub_clz.o
        24          0          0          0          0         68   fcmpi.o
       388         76          0          0          0         96   fdiv.o
       104          4          0          0          0         84   feqf.o
        54          4          0          0          0         84   ffix.o
        62          4          0          0          0         84   ffixu.o
        48          0          0          0          0         68   fflt_clz.o
       104          4          0          0          0         84   fleqf.o
       258          4          0          0          0         84   fmul.o
       140          4          0          0          0         84   fnaninf.o
        10          0          0          0          0         68   fretinf.o
        98          0          0          0          0         68   frleqf.o
       100          0          0          0          0         68   retnan.o
        92          0          0          0          0         68   scalbn.o
        48          0          0          0          0         68   trapv.o
         0          0          0          0          0          0   usenofp.o
       636         52         80          0          0        168   asin.o
       548         70        152          0          0        124   atan.o
       384         38          0          0          0        144   atan2.o
        16          6          0          0          0         68   dunder.o
        40          0          0          0          0         68   fpclassify.o
       170          0          0          0          0         96   poly.o
         0          0          8          0          0          0   qnan.o
        76          0          0          0          0         84   sqrt.o

    ----------------------------------------------------------------------
      8736        608        240         12         96     231413   Library Totals
        24          0          0          0          0          0   (incl. Padding)

    ----------------------------------------------------------------------

      Code (inc. data)   RO Data    RW Data    ZI Data      Debug   Library Name

      1820         74          0         12          0     227421   ANO_Tech_STM32F10x_I2C.lib
       360         20          0          0         96        744   c_w.l
      4662        348          0          0          0       2496   fz_ws.l
      1870        166        240          0          0        752   m_ws.l

    ----------------------------------------------------------------------
      8736        608        240         12         96     231413   Library Totals

    ----------------------------------------------------------------------

==============================================================================


      Code (inc. data)   RO Data    RW Data    ZI Data      Debug   

     34116       1754        508        336       2464     867624   Grand Totals
     34116       1754        508         84       2464     867624   ELF Image Totals (compressed)
     34116       1754        508         84          0          0   ROM Totals

==============================================================================

    Total RO  Size (Code + RO Data)                34624 (  33.81kB)
    Total RW  Size (RW Data + ZI Data)              2800 (   2.73kB)
    Total ROM Size (Code + RO Data + RW Data)      34708 (  33.89kB)

==============================================================================

