<html>
<body>
<pre>
<h1>µVision Build Log</h1>
<h2>Project:</h2>
E:\code\MAV_TEST_09\MAV_TEST.uvproj
Project File Date:  04/23/2014

<h2>Output:</h2>
Build target 'MAV_TEST'
compiling main.c...
linking...
Program Size: Code=34116 RO-data=508 RW-data=336 ZI-data=2464  
FromELF: creating hex file...
".\OUT\MAV_TEST.axf" - 0 Error(s), 0 Warning(s).
Load "E:\\code\\MAV_TEST_09\\OUT\\MAV_TEST.axf" 
Set JLink Project File to "E:\code\MAV_TEST_09\JLinkSettings.ini"
* JLink Info: Device "STM32F103CB" selected (128 KB flash, 20 KB RAM).
 
JLink info:
------------
DLL: V4.76d, compiled Sep 13 2013 16:35:06
Firmware: J-Link ARM V8 compiled Jul 17 2013 11:24:15
Hardware: V8.00
S/N : 99999994 
Feature(s) : RDI,FlashDL,FlashBP,JFlash,GDBFULL 
 
* JLink Info: Found SWD-DP with ID 0x1BA01477
* JLink Info: Found SWD-DP with ID 0x1BA01477
* JLink Info: Found Cortex-M3 r1p1, Little endian.
* JLink Info: FPUnit: 6 code (BP) slots and 2 literal slots
* JLink Info: TPIU fitted.
ROMTableAddr = 0xE00FF003
 
Target info:
------------
Device: STM32F103CB
VTarget = 3.293V
State of Pins: 
TCK: 0, TDI: 0, TDO: 0, TMS: 1, TRES: 1, TRST: 1
Hardware-Breakpoints: 6
Software-Breakpoints: 8192
Watchpoints:          4
JTAG speed: 2000 kHz
 
Erase Done.
Programming Done.
Verify OK.
Application running ...
</pre>
</body>
</html>
